Archive member included to satisfy reference by file (symbol)

/opt/st/stm32cubeclt_1.22.0/GNU-tools-for-STM32/bin/../lib/gcc/arm-none-eabi/14.3.1/thumb/v7e-m+fp/hard/libgcc.a(_aeabi_uldivmod.o)
                              cmake/stm32cubemx/CMakeFiles/STM32_Drivers.dir/__/__/Drivers/STM32F4xx_HAL_Driver/Src/stm32f4xx_hal_uart.c.obj (__aeabi_uldivmod)
/opt/st/stm32cubeclt_1.22.0/GNU-tools-for-STM32/bin/../lib/gcc/arm-none-eabi/14.3.1/thumb/v7e-m+fp/hard/libgcc.a(_udivmoddi4.o)
                              /opt/st/stm32cubeclt_1.22.0/GNU-tools-for-STM32/bin/../lib/gcc/arm-none-eabi/14.3.1/thumb/v7e-m+fp/hard/libgcc.a(_aeabi_uldivmod.o) (__udivmoddi4)
/opt/st/stm32cubeclt_1.22.0/GNU-tools-for-STM32/bin/../lib/gcc/arm-none-eabi/14.3.1/thumb/v7e-m+fp/hard/libgcc.a(_dvmd_tls.o)
                              /opt/st/stm32cubeclt_1.22.0/GNU-tools-for-STM32/bin/../lib/gcc/arm-none-eabi/14.3.1/thumb/v7e-m+fp/hard/libgcc.a(_aeabi_uldivmod.o) (__aeabi_ldiv0)
/opt/st/stm32cubeclt_1.22.0/GNU-tools-for-STM32/bin/../lib/gcc/arm-none-eabi/14.3.1/../../../../arm-none-eabi/lib/thumb/v7e-m+fp/hard/libg_nano.a(libc_a-exit.o)
                              /opt/st/stm32cubeclt_1.22.0/GNU-tools-for-STM32/bin/../lib/gcc/arm-none-eabi/14.3.1/../../../../arm-none-eabi/lib/thumb/v7e-m+fp/hard/crt0.o (exit)
/opt/st/stm32cubeclt_1.22.0/GNU-tools-for-STM32/bin/../lib/gcc/arm-none-eabi/14.3.1/../../../../arm-none-eabi/lib/thumb/v7e-m+fp/hard/libg_nano.a(libc_a-findfp.o)
                              /opt/st/stm32cubeclt_1.22.0/GNU-tools-for-STM32/bin/../lib/gcc/arm-none-eabi/14.3.1/../../../../arm-none-eabi/lib/thumb/v7e-m+fp/hard/libg_nano.a(libc_a-exit.o) (__stdio_exit_handler)
/opt/st/stm32cubeclt_1.22.0/GNU-tools-for-STM32/bin/../lib/gcc/arm-none-eabi/14.3.1/../../../../arm-none-eabi/lib/thumb/v7e-m+fp/hard/libg_nano.a(libc_a-fwalk.o)
                              /opt/st/stm32cubeclt_1.22.0/GNU-tools-for-STM32/bin/../lib/gcc/arm-none-eabi/14.3.1/../../../../arm-none-eabi/lib/thumb/v7e-m+fp/hard/libg_nano.a(libc_a-findfp.o) (_fwalk_sglue)
/opt/st/stm32cubeclt_1.22.0/GNU-tools-for-STM32/bin/../lib/gcc/arm-none-eabi/14.3.1/../../../../arm-none-eabi/lib/thumb/v7e-m+fp/hard/libg_nano.a(libc_a-snprintf.o)
                              CMakeFiles/base_controller.dir/Core/Src/main.c.obj (snprintf)
/opt/st/stm32cubeclt_1.22.0/GNU-tools-for-STM32/bin/../lib/gcc/arm-none-eabi/14.3.1/../../../../arm-none-eabi/lib/thumb/v7e-m+fp/hard/libg_nano.a(libc_a-stdio.o)
                              /opt/st/stm32cubeclt_1.22.0/GNU-tools-for-STM32/bin/../lib/gcc/arm-none-eabi/14.3.1/../../../../arm-none-eabi/lib/thumb/v7e-m+fp/hard/libg_nano.a(libc_a-findfp.o) (__sread)
/opt/st/stm32cubeclt_1.22.0/GNU-tools-for-STM32/bin/../lib/gcc/arm-none-eabi/14.3.1/../../../../arm-none-eabi/lib/thumb/v7e-m+fp/hard/libg_nano.a(libc_a-memset.o)
                              /opt/st/stm32cubeclt_1.22.0/GNU-tools-for-STM32/bin/../lib/gcc/arm-none-eabi/14.3.1/../../../../arm-none-eabi/lib/thumb/v7e-m+fp/hard/crt0.o (memset)
/opt/st/stm32cubeclt_1.22.0/GNU-tools-for-STM32/bin/../lib/gcc/arm-none-eabi/14.3.1/../../../../arm-none-eabi/lib/thumb/v7e-m+fp/hard/libg_nano.a(libc_a-closer.o)
                              /opt/st/stm32cubeclt_1.22.0/GNU-tools-for-STM32/bin/../lib/gcc/arm-none-eabi/14.3.1/../../../../arm-none-eabi/lib/thumb/v7e-m+fp/hard/libg_nano.a(libc_a-stdio.o) (_close_r)
/opt/st/stm32cubeclt_1.22.0/GNU-tools-for-STM32/bin/../lib/gcc/arm-none-eabi/14.3.1/../../../../arm-none-eabi/lib/thumb/v7e-m+fp/hard/libg_nano.a(libc_a-reent.o)
                              /opt/st/stm32cubeclt_1.22.0/GNU-tools-for-STM32/bin/../lib/gcc/arm-none-eabi/14.3.1/../../../../arm-none-eabi/lib/thumb/v7e-m+fp/hard/libg_nano.a(libc_a-closer.o) (errno)
/opt/st/stm32cubeclt_1.22.0/GNU-tools-for-STM32/bin/../lib/gcc/arm-none-eabi/14.3.1/../../../../arm-none-eabi/lib/thumb/v7e-m+fp/hard/libg_nano.a(libc_a-impure.o)
                              /opt/st/stm32cubeclt_1.22.0/GNU-tools-for-STM32/bin/../lib/gcc/arm-none-eabi/14.3.1/../../../../arm-none-eabi/lib/thumb/v7e-m+fp/hard/libg_nano.a(libc_a-snprintf.o) (_impure_ptr)
/opt/st/stm32cubeclt_1.22.0/GNU-tools-for-STM32/bin/../lib/gcc/arm-none-eabi/14.3.1/../../../../arm-none-eabi/lib/thumb/v7e-m+fp/hard/libg_nano.a(libc_a-lseekr.o)
                              /opt/st/stm32cubeclt_1.22.0/GNU-tools-for-STM32/bin/../lib/gcc/arm-none-eabi/14.3.1/../../../../arm-none-eabi/lib/thumb/v7e-m+fp/hard/libg_nano.a(libc_a-stdio.o) (_lseek_r)
/opt/st/stm32cubeclt_1.22.0/GNU-tools-for-STM32/bin/../lib/gcc/arm-none-eabi/14.3.1/../../../../arm-none-eabi/lib/thumb/v7e-m+fp/hard/libg_nano.a(libc_a-readr.o)
                              /opt/st/stm32cubeclt_1.22.0/GNU-tools-for-STM32/bin/../lib/gcc/arm-none-eabi/14.3.1/../../../../arm-none-eabi/lib/thumb/v7e-m+fp/hard/libg_nano.a(libc_a-stdio.o) (_read_r)
[...]
Memory Configuration

Name             Origin             Length             Attributes
RAM              0x20000000         0x00020000         xrw
FLASH            0x08000000         0x00080000         xr
*default*        0x00000000         0xffffffff

Linker script and memory map

LOAD /opt/st/stm32cubeclt_1.22.0/GNU-tools-for-STM32/bin/../lib/gcc/arm-none-eabi/14.3.1/thumb/v7e-m+fp/hard/crti.o
LOAD /opt/st/stm32cubeclt_1.22.0/GNU-tools-for-STM32/bin/../lib/gcc/arm-none-eabi/14.3.1/thumb/v7e-m+fp/hard/crtbegin.o
LOAD /opt/st/stm32cubeclt_1.22.0/GNU-tools-for-STM32/bin/../lib/gcc/arm-none-eabi/14.3.1/../../../../arm-none-eabi/lib/thumb/v7e-m+fp/hard/crt0.o
LOAD cmake/stm32cubemx/CMakeFiles/STM32_Drivers.dir/__/__/Core/Src/system_stm32f4xx.c.obj
LOAD cmake/stm32cubemx/CMakeFiles/STM32_Drivers.dir/__/__/Drivers/STM32F4xx_HAL_Driver/Src/stm32f4xx_hal_uart.c.obj
LOAD cmake/stm32cubemx/CMakeFiles/STM32_Drivers.dir/__/__/Drivers/STM32F4xx_HAL_Driver/Src/stm32f4xx_hal_rcc.c.obj
LOAD cmake/stm32cubemx/CMakeFiles/STM32_Drivers.dir/__/__/Drivers/STM32F4xx_HAL_Driver/Src/stm32f4xx_hal_rcc_ex.c.obj
LOAD cmake/stm32cubemx/CMakeFiles/STM32_Drivers.dir/__/__/Drivers/STM32F4xx_HAL_Driver/Src/stm32f4xx_hal_flash.c.obj
LOAD cmake/stm32cubemx/CMakeFiles/STM32_Drivers.dir/__/__/Drivers/STM32F4xx_HAL_Driver/Src/stm32f4xx_hal_flash_ex.c.obj
LOAD cmake/stm32cubemx/CMakeFiles/STM32_Drivers.dir/__/__/Drivers/STM32F4xx_HAL_Driver/Src/stm32f4xx_hal_flash_ramfunc.c.obj
LOAD cmake/stm32cubemx/CMakeFiles/STM32_Drivers.dir/__/__/Drivers/STM32F4xx_HAL_Driver/Src/stm32f4xx_hal_gpio.c.obj
LOAD cmake/stm32cubemx/CMakeFiles/STM32_Drivers.dir/__/__/Drivers/STM32F4xx_HAL_Driver/Src/stm32f4xx_hal_dma_ex.c.obj
LOAD cmake/stm32cubemx/CMakeFiles/STM32_Drivers.dir/__/__/Drivers/STM32F4xx_HAL_Driver/Src/stm32f4xx_hal_dma.c.obj
LOAD cmake/stm32cubemx/CMakeFiles/STM32_Drivers.dir/__/__/Drivers/STM32F4xx_HAL_Driver/Src/stm32f4xx_hal_pwr.c.obj
LOAD cmake/stm32cubemx/CMakeFiles/STM32_Drivers.dir/__/__/Drivers/STM32F4xx_HAL_Driver/Src/stm32f4xx_hal_pwr_ex.c.obj
LOAD cmake/stm32cubemx/CMakeFiles/STM32_Drivers.dir/__/__/Drivers/STM32F4xx_HAL_Driver/Src/stm32f4xx_hal_cortex.c.obj
LOAD cmake/stm32cubemx/CMakeFiles/STM32_Drivers.dir/__/__/Drivers/STM32F4xx_HAL_Driver/Src/stm32f4xx_hal.c.obj
LOAD cmake/stm32cubemx/CMakeFiles/STM32_Drivers.dir/__/__/Drivers/STM32F4xx_HAL_Driver/Src/stm32f4xx_hal_exti.c.obj
LOAD CMakeFiles/base_controller.dir/Core/Src/main.c.obj
LOAD CMakeFiles/base_controller.dir/Core/Src/gpio.c.obj
LOAD CMakeFiles/base_controller.dir/Core/Src/usart.c.obj
LOAD CMakeFiles/base_controller.dir/Core/Src/stm32f4xx_it.c.obj
LOAD CMakeFiles/base_controller.dir/Core/Src/stm32f4xx_hal_msp.c.obj
LOAD CMakeFiles/base_controller.dir/Core/Src/sysmem.c.obj
LOAD CMakeFiles/base_controller.dir/Core/Src/syscalls.c.obj
LOAD CMakeFiles/base_controller.dir/startup_stm32f446xx.s.obj
LOAD /opt/st/stm32cubeclt_1.22.0/GNU-tools-for-STM32/bin/../lib/gcc/arm-none-eabi/14.3.1/../../../../arm-none-eabi/lib/thumb/v7e-m+fp/hard/libm.a
START GROUP
LOAD /opt/st/stm32cubeclt_1.22.0/GNU-tools-for-STM32/bin/../lib/gcc/arm-none-eabi/14.3.1/thumb/v7e-m+fp/hard/libgcc.a
LOAD /opt/st/stm32cubeclt_1.22.0/GNU-tools-for-STM32/bin/../lib/gcc/arm-none-eabi/14.3.1/../../../../arm-none-eabi/lib/thumb/v7e-m+fp/hard/libg_nano.a
LOAD /opt/st/stm32cubeclt_1.22.0/GNU-tools-for-STM32/bin/../lib/gcc/arm-none-eabi/14.3.1/../../../../arm-none-eabi/lib/thumb/v7e-m+fp/hard/libc_nano.a
END GROUP
START GROUP
LOAD /opt/st/stm32cubeclt_1.22.0/GNU-tools-for-STM32/bin/../lib/gcc/arm-none-eabi/14.3.1/thumb/v7e-m+fp/hard/libgcc.a
LOAD /opt/st/stm32cubeclt_1.22.0/GNU-tools-for-STM32/bin/../lib/gcc/arm-none-eabi/14.3.1/../../../../arm-none-eabi/lib/thumb/v7e-m+fp/hard/libc_nano.a
END GROUP
LOAD /opt/st/stm32cubeclt_1.22.0/GNU-tools-for-STM32/bin/../lib/gcc/arm-none-eabi/14.3.1/thumb/v7e-m+fp/hard/crtend.o
LOAD /opt/st/stm32cubeclt_1.22.0/GNU-tools-for-STM32/bin/../lib/gcc/arm-none-eabi/14.3.1/thumb/v7e-m+fp/hard/crtn.o
                0x20020000                        _estack = (ORIGIN (RAM) + LENGTH (RAM))
                0x2001fc00                        _sstack = (_estack - _Min_Stack_Size)
                0x00000200                        _Min_Heap_Size = 0x200
                0x00000400                        _Min_Stack_Size = 0x400

.isr_vector     0x08000000      0x1c4
                0x08000000                        . = ALIGN (0x4)
 *(.isr_vector)
 .isr_vector    0x08000000      0x1c4 CMakeFiles/base_controller.dir/startup_stm32f446xx.s.obj
                0x08000000                g_pfnVectors
                0x080001c4                        . = ALIGN (0x4)

.text           0x080001d0     0x2c94
                0x080001d0                        . = ALIGN (0x4)
 *(.text)
 .text          0x080001d0       0x40 /opt/st/stm32cubeclt_1.22.0/GNU-tools-for-STM32/bin/../lib/gcc/arm-none-eabi/14.3.1/thumb/v7e-m+fp/hard/crtbegin.o
 .text          0x08000210       0x30 /opt/st/stm32cubeclt_1.22.0/GNU-tools-for-STM32/bin/../lib/gcc/arm-none-eabi/14.3.1/thumb/v7e-m+fp/hard/libgcc.a(_aeabi_uldivmod.o)
                0x08000210                __aeabi_uldivmod
 .text          0x08000240      0x2f8 /opt/st/stm32cubeclt_1.22.0/GNU-tools-for-STM32/bin/../lib/gcc/arm-none-eabi/14.3.1/thumb/v7e-m+fp/hard/libgcc.a(_udivmoddi4.o)
                0x08000240                __udivmoddi4
 .text          0x08000538        0x4 /opt/st/stm32cubeclt_1.22.0/GNU-tools-for-STM32/bin/../lib/gcc/arm-none-eabi/14.3.1/thumb/v7e-m+fp/hard/libgcc.a(_dvmd_tls.o)
                0x08000538                __aeabi_ldiv0
                0x08000538                __aeabi_idiv0
 *fill*         0x0800053c        0x4 
 .text          0x08000540       0xa0 /opt/st/stm32cubeclt_1.22.0/GNU-tools-for-STM32/bin/../lib/gcc/arm-none-eabi/14.3.1/../../../../arm-none-eabi/lib/thumb/v7e-m+fp/hard/libg_nano.a(libc_a-memchr.o)
                0x08000540                memchr
 *(.text*)
 .text.SystemInit
                0x080005e0       0x24 cmake/stm32cubemx/CMakeFiles/STM32_Drivers.dir/__/__/Core/Src/system_stm32f4xx.c.obj
                0x080005e0                SystemInit
 .text.HAL_UART_Init
                0x08000604       0xa0 cmake/stm32cubemx/CMakeFiles/STM32_Drivers.dir/__/__/Drivers/STM32F4xx_HAL_Driver/Src/stm32f4xx_hal_uart.c.obj
                0x08000604                HAL_UART_Init
 .text.HAL_UART_Transmit
                0x080006a4      0x116 cmake/stm32cubemx/CMakeFiles/STM32_Drivers.dir/__/__/Drivers/STM32F4xx_HAL_Driver/Src/stm32f4xx_hal_uart.c.obj
                0x080006a4                HAL_UART_Transmit
 .text.UART_WaitOnFlagUntilTimeout
                0x080007ba       0xb2 cmake/stm32cubemx/CMakeFiles/STM32_Drivers.dir/__/__/Drivers/STM32F4xx_HAL_Driver/Src/stm32f4xx_hal_uart.c.obj
 .text.UART_EndRxTransfer
                0x0800086c       0xc6 cmake/stm32cubemx/CMakeFiles/STM32_Drivers.dir/__/__/Drivers/STM32F4xx_HAL_Driver/Src/stm32f4xx_hal_uart.c.obj
 *fill*         0x08000932        0x2 
 .text.UART_SetConfig
                0x08000934      0x4e8 cmake/stm32cubemx/CMakeFiles/STM32_Drivers.dir/__/__/Drivers/STM32F4xx_HAL_Driver/Src/stm32f4xx_hal_uart.c.obj
 .text.HAL_RCC_ClockConfig
                0x08000e1c      0x1cc cmake/stm32cubemx/CMakeFiles/STM32_Drivers.dir/__/__/Drivers/STM32F4xx_HAL_Driver/Src/stm32f4xx_hal_rcc.c.obj
                0x08000e1c                HAL_RCC_ClockConfig
 .text.HAL_RCC_GetHCLKFreq
                0x08000fe8       0x18 cmake/stm32cubemx/CMakeFiles/STM32_Drivers.dir/__/__/Drivers/STM32F4xx_HAL_Driver/Src/stm32f4xx_hal_rcc.c.obj
                0x08000fe8                HAL_RCC_GetHCLKFreq
 .text.HAL_RCC_GetPCLK1Freq
                0x08001000       0x28 cmake/stm32cubemx/CMakeFiles/STM32_Drivers.dir/__/__/Drivers/STM32F4xx_HAL_Driver/Src/stm32f4xx_hal_rcc.c.obj
                0x08001000                HAL_RCC_GetPCLK1Freq
 .text.HAL_RCC_GetPCLK2Freq
                0x08001028       0x28 cmake/stm32cubemx/CMakeFiles/STM32_Drivers.dir/__/__/Drivers/STM32F4xx_HAL_Driver/Src/stm32f4xx_hal_rcc.c.obj
                0x08001028                HAL_RCC_GetPCLK2Freq
 .text.HAL_RCC_GetSysClockFreq
                0x08001050      0x460 cmake/stm32cubemx/CMakeFiles/STM32_Drivers.dir/__/__/Drivers/STM32F4xx_HAL_Driver/Src/stm32f4xx_hal_rcc_ex.c.obj
                0x08001050                HAL_RCC_GetSysClockFreq
 .text.HAL_RCC_OscConfig
                0x080014b0      0x53c cmake/stm32cubemx/CMakeFiles/STM32_Drivers.dir/__/__/Drivers/STM32F4xx_HAL_Driver/Src/stm32f4xx_hal_rcc_ex.c.obj
                0x080014b0                HAL_RCC_OscConfig
 .text.HAL_GPIO_Init
                0x080019ec      0x328 cmake/stm32cubemx/CMakeFiles/STM32_Drivers.dir/__/__/Drivers/STM32F4xx_HAL_Driver/Src/stm32f4xx_hal_gpio.c.obj
                0x080019ec                HAL_GPIO_Init
 .text.HAL_GPIO_WritePin
                0x08001d14       0x32 cmake/stm32cubemx/CMakeFiles/STM32_Drivers.dir/__/__/Drivers/STM32F4xx_HAL_Driver/Src/stm32f4xx_hal_gpio.c.obj
                0x08001d14                HAL_GPIO_WritePin
 .text.HAL_GPIO_TogglePin
                0x08001d46       0x34 cmake/stm32cubemx/CMakeFiles/STM32_Drivers.dir/__/__/Drivers/STM32F4xx_HAL_Driver/Src/stm32f4xx_hal_gpio.c.obj
                0x08001d46                HAL_GPIO_TogglePin
 *fill*         0x08001d7a        0x2 
 .text.__NVIC_SetPriorityGrouping
                0x08001d7c       0x48 cmake/stm32cubemx/CMakeFiles/STM32_Drivers.dir/__/__/Drivers/STM32F4xx_HAL_Driver/Src/stm32f4xx_hal_cortex.c.obj
 .text.__NVIC_GetPriorityGrouping
                0x08001dc4       0x1c cmake/stm32cubemx/CMakeFiles/STM32_Drivers.dir/__/__/Drivers/STM32F4xx_HAL_Driver/Src/stm32f4xx_hal_cortex.c.obj
 .text.__NVIC_SetPriority
                0x08001de0       0x54 cmake/stm32cubemx/CMakeFiles/STM32_Drivers.dir/__/__/Drivers/STM32F4xx_HAL_Driver/Src/stm32f4xx_hal_cortex.c.obj
 .text.NVIC_EncodePriority
                0x08001e34       0x66 cmake/stm32cubemx/CMakeFiles/STM32_Drivers.dir/__/__/Drivers/STM32F4xx_HAL_Driver/Src/stm32f4xx_hal_cortex.c.obj
 *fill*         0x08001e9a        0x2 
 .text.SysTick_Config
                0x08001e9c       0x44 cmake/stm32cubemx/CMakeFiles/STM32_Drivers.dir/__/__/Drivers/STM32F4xx_HAL_Driver/Src/stm32f4xx_hal_cortex.c.obj
 .text.HAL_NVIC_SetPriorityGrouping
                0x08001ee0       0x16 cmake/stm32cubemx/CMakeFiles/STM32_Drivers.dir/__/__/Drivers/STM32F4xx_HAL_Driver/Src/stm32f4xx_hal_cortex.c.obj
                0x08001ee0                HAL_NVIC_SetPriorityGrouping
 .text.HAL_NVIC_SetPriority
                0x08001ef6       0x38 cmake/stm32cubemx/CMakeFiles/STM32_Drivers.dir/__/__/Drivers/STM32F4xx_HAL_Driver/Src/stm32f4xx_hal_cortex.c.obj
                0x08001ef6                HAL_NVIC_SetPriority
 .text.HAL_SYSTICK_Config
                0x08001f2e       0x18 cmake/stm32cubemx/CMakeFiles/STM32_Drivers.dir/__/__/Drivers/STM32F4xx_HAL_Driver/Src/stm32f4xx_hal_cortex.c.obj
                0x08001f2e                HAL_SYSTICK_Config
 *fill*         0x08001f46        0x2 
 .text.HAL_Init
                0x08001f48       0x44 cmake/stm32cubemx/CMakeFiles/STM32_Drivers.dir/__/__/Drivers/STM32F4xx_HAL_Driver/Src/stm32f4xx_hal.c.obj
                0x08001f48                HAL_Init
 .text.HAL_InitTick
                0x08001f8c       0x60 cmake/stm32cubemx/CMakeFiles/STM32_Drivers.dir/__/__/Drivers/STM32F4xx_HAL_Driver/Src/stm32f4xx_hal.c.obj
                0x08001f8c                HAL_InitTick
 .text.HAL_IncTick
                0x08001fec       0x28 cmake/stm32cubemx/CMakeFiles/STM32_Drivers.dir/__/__/Drivers/STM32F4xx_HAL_Driver/Src/stm32f4xx_hal.c.obj
                0x08001fec                HAL_IncTick
 .text.HAL_GetTick
                0x08002014       0x18 cmake/stm32cubemx/CMakeFiles/STM32_Drivers.dir/__/__/Drivers/STM32F4xx_HAL_Driver/Src/stm32f4xx_hal.c.obj
                0x08002014                HAL_GetTick
 .text.main     0x0800202c       0x90 CMakeFiles/base_controller.dir/Core/Src/main.c.obj
                0x0800202c                main
 .text.SystemClock_Config
                0x080020bc       0xdc CMakeFiles/base_controller.dir/Core/Src/main.c.obj
                0x080020bc                SystemClock_Config
 .text.Error_Handler
                0x08002198        0xc CMakeFiles/base_controller.dir/Core/Src/main.c.obj
                0x08002198                Error_Handler
 .text.MX_GPIO_Init
                0x080021a4       0xdc CMakeFiles/base_controller.dir/Core/Src/gpio.c.obj
                0x080021a4                MX_GPIO_Init
 .text.MX_USART2_UART_Init
                0x08002280       0x54 CMakeFiles/base_controller.dir/Core/Src/usart.c.obj
                0x08002280                MX_USART2_UART_Init
 .text.HAL_UART_MspInit
                0x080022d4       0x90 CMakeFiles/base_controller.dir/Core/Src/usart.c.obj
                0x080022d4                HAL_UART_MspInit
 .text.NMI_Handler
                0x08002364        0x8 CMakeFiles/base_controller.dir/Core/Src/stm32f4xx_it.c.obj
                0x08002364                NMI_Handler
 .text.HardFault_Handler
                0x0800236c        0x8 CMakeFiles/base_controller.dir/Core/Src/stm32f4xx_it.c.obj
                0x0800236c                HardFault_Handler
 .text.MemManage_Handler
                0x08002374        0x8 CMakeFiles/base_controller.dir/Core/Src/stm32f4xx_it.c.obj
                0x08002374                MemManage_Handler
 .text.BusFault_Handler
                0x0800237c        0x8 CMakeFiles/base_controller.dir/Core/Src/stm32f4xx_it.c.obj
                0x0800237c                BusFault_Handler
 .text.UsageFault_Handler
                0x08002384        0x8 CMakeFiles/base_controller.dir/Core/Src/stm32f4xx_it.c.obj
                0x08002384                UsageFault_Handler
 .text.SVC_Handler
                0x0800238c        0xe CMakeFiles/base_controller.dir/Core/Src/stm32f4xx_it.c.obj
                0x0800238c                SVC_Handler
 .text.DebugMon_Handler
                0x0800239a        0xe CMakeFiles/base_controller.dir/Core/Src/stm32f4xx_it.c.obj
                0x0800239a                DebugMon_Handler
 .text.PendSV_Handler
                0x080023a8        0xe CMakeFiles/base_controller.dir/Core/Src/stm32f4xx_it.c.obj
                0x080023a8                PendSV_Handler
 .text.SysTick_Handler
                0x080023b6        0xc CMakeFiles/base_controller.dir/Core/Src/stm32f4xx_it.c.obj
                0x080023b6                SysTick_Handler
 *fill*         0x080023c2        0x2 
 .text.HAL_MspInit
                0x080023c4       0x50 CMakeFiles/base_controller.dir/Core/Src/stm32f4xx_hal_msp.c.obj
                0x080023c4                HAL_MspInit
 .text._sbrk    0x08002414       0x6c CMakeFiles/base_controller.dir/Core/Src/sysmem.c.obj
                0x08002414                _sbrk
 .text.Reset_Handler
                0x08002480       0x50 CMakeFiles/base_controller.dir/startup_stm32f446xx.s.obj
                0x08002480                Reset_Handler
 .text.Default_Handler
                0x080024d0        0x2 CMakeFiles/base_controller.dir/startup_stm32f446xx.s.obj
                0x080024d0                RTC_Alarm_IRQHandler
                0x080024d0                EXTI2_IRQHandler
                0x080024d0                TIM8_CC_IRQHandler
                0x080024d0                FMPI2C1_EV_IRQHandler
                0x080024d0                SPI4_IRQHandler
                0x080024d0                TIM1_CC_IRQHandler
                0x080024d0                DMA2_Stream5_IRQHandler
                0x080024d0                DMA1_Stream5_IRQHandler
                0x080024d0                PVD_IRQHandler
                0x080024d0                SDIO_IRQHandler
                0x080024d0                TAMP_STAMP_IRQHandler
                0x080024d0                CAN2_RX1_IRQHandler
                0x080024d0                EXTI3_IRQHandler
                0x080024d0                TIM8_TRG_COM_TIM14_IRQHandler
                0x080024d0                TIM1_UP_TIM10_IRQHandler
                0x080024d0                TIM8_UP_TIM13_IRQHandler
                0x080024d0                I2C3_ER_IRQHandler
                0x080024d0                EXTI0_IRQHandler
                0x080024d0                I2C2_EV_IRQHandler
                0x080024d0                DMA1_Stream2_IRQHandler
                0x080024d0                CAN1_RX0_IRQHandler
                0x080024d0                FPU_IRQHandler
                0x080024d0                OTG_HS_WKUP_IRQHandler
                0x080024d0                CAN2_SCE_IRQHandler
                0x080024d0                DMA2_Stream2_IRQHandler
                0x080024d0                SPI1_IRQHandler
                0x080024d0                TIM6_DAC_IRQHandler
                0x080024d0                TIM1_BRK_TIM9_IRQHandler
                0x080024d0                DCMI_IRQHandler
                0x080024d0                CAN2_RX0_IRQHandler
                0x080024d0                DMA2_Stream3_IRQHandler
                0x080024d0                SAI2_IRQHandler
                0x080024d0                USART6_IRQHandler
                0x080024d0                USART3_IRQHandler
                0x080024d0                CAN1_RX1_IRQHandler
                0x080024d0                UART5_IRQHandler
                0x080024d0                DMA2_Stream0_IRQHandler
                0x080024d0                TIM4_IRQHandler
                0x080024d0                QUADSPI_IRQHandler
                0x080024d0                I2C1_EV_IRQHandler
                0x080024d0                DMA1_Stream6_IRQHandler
                0x080024d0                DMA1_Stream1_IRQHandler
                0x080024d0                UART4_IRQHandler
                0x080024d0                TIM3_IRQHandler
                0x080024d0                RCC_IRQHandler
                0x080024d0                TIM8_BRK_TIM12_IRQHandler
                0x080024d0                Default_Handler
                0x080024d0                CEC_IRQHandler
                0x080024d0                EXTI15_10_IRQHandler
                0x080024d0                ADC_IRQHandler
                0x080024d0                DMA1_Stream7_IRQHandler
                0x080024d0                TIM7_IRQHandler
                0x080024d0                CAN2_TX_IRQHandler
                0x080024d0                TIM5_IRQHandler
                0x080024d0                DMA2_Stream7_IRQHandler
                0x080024d0                I2C3_EV_IRQHandler
                0x080024d0                EXTI9_5_IRQHandler
                0x080024d0                RTC_WKUP_IRQHandler
                0x080024d0                SPDIF_RX_IRQHandler
                0x080024d0                SPI2_IRQHandler
                0x080024d0                OTG_HS_EP1_IN_IRQHandler
                0x080024d0                DMA1_Stream0_IRQHandler
                0x080024d0                CAN1_TX_IRQHandler
                0x080024d0                FMPI2C1_ER_IRQHandler
                0x080024d0                EXTI4_IRQHandler
                0x080024d0                OTG_HS_EP1_OUT_IRQHandler
                0x080024d0                WWDG_IRQHandler
                0x080024d0                TIM2_IRQHandler
                0x080024d0                OTG_FS_WKUP_IRQHandler
                0x080024d0                TIM1_TRG_COM_TIM11_IRQHandler
                0x080024d0                OTG_HS_IRQHandler
                0x080024d0                EXTI1_IRQHandler
                0x080024d0                USART2_IRQHandler
                0x080024d0                I2C2_ER_IRQHandler
                0x080024d0                DMA2_Stream1_IRQHandler
                0x080024d0                CAN1_SCE_IRQHandler
                0x080024d0                FLASH_IRQHandler
                0x080024d0                DMA2_Stream4_IRQHandler
                0x080024d0                USART1_IRQHandler
                0x080024d0                OTG_FS_IRQHandler
                0x080024d0                SPI3_IRQHandler
                0x080024d0                DMA1_Stream4_IRQHandler
                0x080024d0                I2C1_ER_IRQHandler
                0x080024d0                FMC_IRQHandler
                0x080024d0                DMA2_Stream6_IRQHandler
                0x080024d0                SAI1_IRQHandler
                0x080024d0                DMA1_Stream3_IRQHandler
 *fill*         0x080024d2        0x2 
 .text.snprintf
                0x080024d4       0x6c /opt/st/stm32cubeclt_1.22.0/GNU-tools-for-STM32/bin/../lib/gcc/arm-none-eabi/14.3.1/../../../../arm-none-eabi/lib/thumb/v7e-m+fp/hard/libg_nano.a(libc_a-snprintf.o)
                0x080024d4                snprintf
                0x080024d4                sniprintf
 .text.memset   0x08002540       0x10 /opt/st/stm32cubeclt_1.22.0/GNU-tools-for-STM32/bin/../lib/gcc/arm-none-eabi/14.3.1/../../../../arm-none-eabi/lib/thumb/v7e-m+fp/hard/libg_nano.a(libc_a-memset.o)
                0x08002540                memset
 .text.__errno  0x08002550        0xc /opt/st/stm32cubeclt_1.22.0/GNU-tools-for-STM32/bin/../lib/gcc/arm-none-eabi/14.3.1/../../../../arm-none-eabi/lib/thumb/v7e-m+fp/hard/libg_nano.a(libc_a-errno.o)
                0x08002550                __errno
 .text.__libc_init_array
                0x0800255c       0x48 /opt/st/stm32cubeclt_1.22.0/GNU-tools-for-STM32/bin/../lib/gcc/arm-none-eabi/14.3.1/../../../../arm-none-eabi/lib/thumb/v7e-m+fp/hard/libg_nano.a(libc_a-init.o)
                0x0800255c                __libc_init_array
 .text.__retarget_lock_acquire_recursive
                0x080025a4        0x2 /opt/st/stm32cubeclt_1.22.0/GNU-tools-for-STM32/bin/../lib/gcc/arm-none-eabi/14.3.1/../../../../arm-none-eabi/lib/thumb/v7e-m+fp/hard/libg_nano.a(libc_a-lock.o)
                0x080025a4                __retarget_lock_acquire_recursive
 .text.__retarget_lock_release_recursive
                0x080025a6        0x2 /opt/st/stm32cubeclt_1.22.0/GNU-tools-for-STM32/bin/../lib/gcc/arm-none-eabi/14.3.1/../../../../arm-none-eabi/lib/thumb/v7e-m+fp/hard/libg_nano.a(libc_a-lock.o)
                0x080025a6                __retarget_lock_release_recursive
 .text._free_r  0x080025a8       0x94 /opt/st/stm32cubeclt_1.22.0/GNU-tools-for-STM32/bin/../lib/gcc/arm-none-eabi/14.3.1/../../../../arm-none-eabi/lib/thumb/v7e-m+fp/hard/libg_nano.a(libc_a-freer.o)
                0x080025a8                _free_r
 .text.sbrk_aligned
                0x0800263c       0x44 /opt/st/stm32cubeclt_1.22.0/GNU-tools-for-STM32/bin/../lib/gcc/arm-none-eabi/14.3.1/../../../../arm-none-eabi/lib/thumb/v7e-m+fp/hard/libg_nano.a(libc_a-mallocr.o)
 .text._malloc_r
                0x08002680      0x100 /opt/st/stm32cubeclt_1.22.0/GNU-tools-for-STM32/bin/../lib/gcc/arm-none-eabi/14.3.1/../../../../arm-none-eabi/lib/thumb/v7e-m+fp/hard/libg_nano.a(libc_a-mallocr.o)
                0x08002680                _malloc_r
 .text.__malloc_lock
                0x08002780        0xc /opt/st/stm32cubeclt_1.22.0/GNU-tools-for-STM32/bin/../lib/gcc/arm-none-eabi/14.3.1/../../../../arm-none-eabi/lib/thumb/v7e-m+fp/hard/libg_nano.a(libc_a-mlock.o)
                0x08002780                __malloc_lock
 .text.__malloc_unlock
                0x0800278c        0xc /opt/st/stm32cubeclt_1.22.0/GNU-tools-for-STM32/bin/../lib/gcc/arm-none-eabi/14.3.1/../../../../arm-none-eabi/lib/thumb/v7e-m+fp/hard/libg_nano.a(libc_a-mlock.o)
                0x0800278c                __malloc_unlock
 .text.__ssputs_r
                0x08002798       0xc0 /opt/st/stm32cubeclt_1.22.0/GNU-tools-for-STM32/bin/../lib/gcc/arm-none-eabi/14.3.1/../../../../arm-none-eabi/lib/thumb/v7e-m+fp/hard/libg_nano.a(libc_a-nano-svfprintf.o)
                0x08002798                __ssputs_r
 .text._svfprintf_r
                0x08002858      0x1f0 /opt/st/stm32cubeclt_1.22.0/GNU-tools-for-STM32/bin/../lib/gcc/arm-none-eabi/14.3.1/../../../../arm-none-eabi/lib/thumb/v7e-m+fp/hard/libg_nano.a(libc_a-nano-svfprintf.o)
                0x08002858                _svfprintf_r
                0x08002858                _svfiprintf_r
 .text._printf_common
                0x08002a48       0xda /opt/st/stm32cubeclt_1.22.0/GNU-tools-for-STM32/bin/../lib/gcc/arm-none-eabi/14.3.1/../../../../arm-none-eabi/lib/thumb/v7e-m+fp/hard/libg_nano.a(libc_a-nano-vfprintf_i.o)
                0x08002a48                _printf_common
 *fill*         0x08002b22        0x2 
 .text._printf_i
                0x08002b24      0x24c /opt/st/stm32cubeclt_1.22.0/GNU-tools-for-STM32/bin/../lib/gcc/arm-none-eabi/14.3.1/../../../../arm-none-eabi/lib/thumb/v7e-m+fp/hard/libg_nano.a(libc_a-nano-vfprintf_i.o)
                0x08002b24                _printf_i
 .text.memmove  0x08002d70       0x32 /opt/st/stm32cubeclt_1.22.0/GNU-tools-for-STM32/bin/../lib/gcc/arm-none-eabi/14.3.1/../../../../arm-none-eabi/lib/thumb/v7e-m+fp/hard/libg_nano.a(libc_a-memmove.o)
                0x08002d70                memmove
 *fill*         0x08002da2        0x2 
 .text._sbrk_r  0x08002da4       0x20 /opt/st/stm32cubeclt_1.22.0/GNU-tools-for-STM32/bin/../lib/gcc/arm-none-eabi/14.3.1/../../../../arm-none-eabi/lib/thumb/v7e-m+fp/hard/libg_nano.a(libc_a-sbrkr.o)
                0x08002da4                _sbrk_r
 .text.memcpy   0x08002dc4       0x1c /opt/st/stm32cubeclt_1.22.0/GNU-tools-for-STM32/bin/../lib/gcc/arm-none-eabi/14.3.1/../../../../arm-none-eabi/lib/thumb/v7e-m+fp/hard/libg_nano.a(libc_a-memcpy-stub.o)
                0x08002dc4                memcpy
 .text._realloc_r
                0x08002de0       0x5c /opt/st/stm32cubeclt_1.22.0/GNU-tools-for-STM32/bin/../lib/gcc/arm-none-eabi/14.3.1/../../../../arm-none-eabi/lib/thumb/v7e-m+fp/hard/libg_nano.a(libc_a-reallocr.o)
                0x08002de0                _realloc_r
 .text._malloc_usable_size_r
                0x08002e3c       0x10 /opt/st/stm32cubeclt_1.22.0/GNU-tools-for-STM32/bin/../lib/gcc/arm-none-eabi/14.3.1/../../../../arm-none-eabi/lib/thumb/v7e-m+fp/hard/libg_nano.a(libc_a-msizer.o)
                0x08002e3c                _malloc_usable_size_r
 *(.glue_7)
 .glue_7        0x08002e4c        0x0 linker stubs
 *(.glue_7t)
 .glue_7t       0x08002e4c        0x0 linker stubs
 *(.eh_frame)
 .eh_frame      0x08002e4c        0x0 /opt/st/stm32cubeclt_1.22.0/GNU-tools-for-STM32/bin/../lib/gcc/arm-none-eabi/14.3.1/thumb/v7e-m+fp/hard/crtbegin.o
 *(.init)
 .init          0x08002e4c        0x4 /opt/st/stm32cubeclt_1.22.0/GNU-tools-for-STM32/bin/../lib/gcc/arm-none-eabi/14.3.1/thumb/v7e-m+fp/hard/crti.o
                0x08002e4c                _init
 .init          0x08002e50        0x8 /opt/st/stm32cubeclt_1.22.0/GNU-tools-for-STM32/bin/../lib/gcc/arm-none-eabi/14.3.1/thumb/v7e-m+fp/hard/crtn.o
 *(.fini)
 .fini          0x08002e58        0x4 /opt/st/stm32cubeclt_1.22.0/GNU-tools-for-STM32/bin/../lib/gcc/arm-none-eabi/14.3.1/thumb/v7e-m+fp/hard/crti.o
                0x08002e58                _fini
 .fini          0x08002e5c        0x8 /opt/st/stm32cubeclt_1.22.0/GNU-tools-for-STM32/bin/../lib/gcc/arm-none-eabi/14.3.1/thumb/v7e-m+fp/hard/crtn.o
                0x08002e64                        . = ALIGN (0x4)
                0x08002e64                        _etext = .

.vfp11_veneer   0x08002e64        0x0
 .vfp11_veneer  0x08002e64        0x0 linker stubs

.v4_bx          0x08002e64        0x0
 .v4_bx         0x08002e64        0x0 linker stubs

.iplt           0x08002e64        0x0
 .iplt          0x08002e64        0x0 /opt/st/stm32cubeclt_1.22.0/GNU-tools-for-STM32/bin/../lib/gcc/arm-none-eabi/14.3.1/thumb/v7e-m+fp/hard/crtbegin.o

.rodata         0x08002e64       0x58
                0x08002e64                        . = ALIGN (0x4)
 *(.rodata)
 .rodata        0x08002e64        0xb CMakeFiles/base_controller.dir/Core/Src/main.c.obj
 *(.rodata*)
 *fill*         0x08002e6f        0x1 
 .rodata.AHBPrescTable
                0x08002e70       0x10 cmake/stm32cubemx/CMakeFiles/STM32_Drivers.dir/__/__/Core/Src/system_stm32f4xx.c.obj
                0x08002e70                AHBPrescTable
 .rodata.APBPrescTable
                0x08002e80        0x8 cmake/stm32cubemx/CMakeFiles/STM32_Drivers.dir/__/__/Core/Src/system_stm32f4xx.c.obj
                0x08002e80                APBPrescTable
 .rodata._svfprintf_r.str1.1
                0x08002e88       0x33 /opt/st/stm32cubeclt_1.22.0/GNU-tools-for-STM32/bin/../lib/gcc/arm-none-eabi/14.3.1/../../../../arm-none-eabi/lib/thumb/v7e-m+fp/hard/libg_nano.a(libc_a-nano-svfprintf.o)
                                 0x11 (size before relaxing)
 .rodata._printf_i.str1.1
                0x08002ebb       0x22 /opt/st/stm32cubeclt_1.22.0/GNU-tools-for-STM32/bin/../lib/gcc/arm-none-eabi/14.3.1/../../../../arm-none-eabi/lib/thumb/v7e-m+fp/hard/libg_nano.a(libc_a-nano-vfprintf_i.o)
                0x08002ee0                        . = ALIGN (0x4)
 *fill*         0x08002ebb        0x1 

.ARM.extab      0x08002ebc        0x0
                0x08002ebc                        . = ALIGN (0x4)
 *(.ARM.extab* .gnu.linkonce.armextab.*)
                0x08002ebc                        . = ALIGN (0x4)

.ARM            0x08002ebc        0x8
                0x08002ebc                        . = ALIGN (0x4)
                0x08002ebc                        __exidx_start = .
 *(.ARM.exidx*)
 .ARM.exidx     0x08002ebc        0x8 /opt/st/stm32cubeclt_1.22.0/GNU-tools-for-STM32/bin/../lib/gcc/arm-none-eabi/14.3.1/thumb/v7e-m+fp/hard/libgcc.a(_udivmoddi4.o)
 .ARM.exidx     0x08002ec4        0x0 /opt/st/stm32cubeclt_1.22.0/GNU-tools-for-STM32/bin/../lib/gcc/arm-none-eabi/14.3.1/../../../../arm-none-eabi/lib/thumb/v7e-m+fp/hard/libg_nano.a(libc_a-memchr.o)
                                  0x8 (size before relaxing)
                0x08002ec4                        __exidx_end = .
                0x08002ec4                        . = ALIGN (0x4)

.preinit_array  0x08002ec4        0x0
                0x08002ec4                        . = ALIGN (0x4)
                0x08002ec4                        PROVIDE (__preinit_array_start = .)
 *(.preinit_array*)
                0x08002ec4                        PROVIDE (__preinit_array_end = .)
                0x08002ec4                        . = ALIGN (0x4)

.init_array     0x08002ec4        0x4
                0x08002ec4                        . = ALIGN (0x4)
                0x08002ec4                        PROVIDE (__init_array_start = .)
 *(SORT_BY_NAME(.init_array.*))
 *(.init_array*)
 .init_array    0x08002ec4        0x4 /opt/st/stm32cubeclt_1.22.0/GNU-tools-for-STM32/bin/../lib/gcc/arm-none-eabi/14.3.1/thumb/v7e-m+fp/hard/crtbegin.o
                0x08002ec8                        PROVIDE (__init_array_end = .)
                0x08002ec8                        . = ALIGN (0x4)

.fini_array     0x08002ec8        0x4
                0x08002ec8                        . = ALIGN (0x4)
                [!provide]                        PROVIDE (__fini_array_start = .)
 *(SORT_BY_NAME(.fini_array.*))
 *(.fini_array*)
 .fini_array    0x08002ec8        0x4 /opt/st/stm32cubeclt_1.22.0/GNU-tools-for-STM32/bin/../lib/gcc/arm-none-eabi/14.3.1/thumb/v7e-m+fp/hard/crtbegin.o
                [!provide]                        PROVIDE (__fini_array_end = .)
                0x08002ecc                        . = ALIGN (0x4)
                0x08002ecc                        _sidata = LOADADDR (.data)

.rel.dyn        0x08002ecc        0x0
 .rel.iplt      0x08002ecc        0x0 /opt/st/stm32cubeclt_1.22.0/GNU-tools-for-STM32/bin/../lib/gcc/arm-none-eabi/14.3.1/thumb/v7e-m+fp/hard/crtbegin.o

.data           0x20000000       0x5c load address 0x08002ecc
                0x20000000                        . = ALIGN (0x4)
                0x20000000                        _sdata = .
 *(.data)
 *(.data*)
 .data.SystemCoreClock
                0x20000000        0x4 cmake/stm32cubemx/CMakeFiles/STM32_Drivers.dir/__/__/Core/Src/system_stm32f4xx.c.obj
                0x20000000                SystemCoreClock
 .data.uwTickPrio
                0x20000004        0x4 cmake/stm32cubemx/CMakeFiles/STM32_Drivers.dir/__/__/Drivers/STM32F4xx_HAL_Driver/Src/stm32f4xx_hal.c.obj
                0x20000004                uwTickPrio
 .data.uwTickFreq
                0x20000008        0x1 cmake/stm32cubemx/CMakeFiles/STM32_Drivers.dir/__/__/Drivers/STM32F4xx_HAL_Driver/Src/stm32f4xx_hal.c.obj
                0x20000008                uwTickFreq
 *fill*         0x20000009        0x3 
 .data._impure_ptr
                0x2000000c        0x4 /opt/st/stm32cubeclt_1.22.0/GNU-tools-for-STM32/bin/../lib/gcc/arm-none-eabi/14.3.1/../../../../arm-none-eabi/lib/thumb/v7e-m+fp/hard/libg_nano.a(libc_a-impure.o)
                0x2000000c                _impure_ptr
 .data._impure_data
                0x20000010       0x4c /opt/st/stm32cubeclt_1.22.0/GNU-tools-for-STM32/bin/../lib/gcc/arm-none-eabi/14.3.1/../../../../arm-none-eabi/lib/thumb/v7e-m+fp/hard/libg_nano.a(libc_a-impure.o)
                0x20000010                _impure_data
 *(.RamFunc)
 *(.RamFunc*)
                0x2000005c                        . = ALIGN (0x4)

.igot.plt       0x2000005c        0x0 load address 0x08002f28
 .igot.plt      0x2000005c        0x0 /opt/st/stm32cubeclt_1.22.0/GNU-tools-for-STM32/bin/../lib/gcc/arm-none-eabi/14.3.1/thumb/v7e-m+fp/hard/crtbegin.o

.tdata          0x2000005c        0x0 load address 0x08002f28
 *(.tdata .tdata.* .gnu.linkonce.td.*)
                0x2000005c                        . = ALIGN (0x4)
                0x2000005c                        _edata = .
                [!provide]                        PROVIDE (__data_end = .)
                [!provide]                        PROVIDE (__tdata_end = .)
                [!provide]                        PROVIDE (__tdata_start = ADDR (.tdata))
                [!provide]                        PROVIDE (__tdata_size = (__tdata_end - __tdata_start))
                [!provide]                        PROVIDE (__data_start = ADDR (.data))
                [!provide]                        PROVIDE (__data_size = (__data_end - __data_start))
                [!provide]                        PROVIDE (__tdata_source = LOADADDR (.tdata))
                [!provide]                        PROVIDE (__tdata_source_end = (LOADADDR (.tdata) + SIZEOF (.tdata)))
                [!provide]                        PROVIDE (__tdata_source_size = (__tdata_source_end - __tdata_source))
                [!provide]                        PROVIDE (__data_source = LOADADDR (.data))
                [!provide]                        PROVIDE (__data_source_end = __tdata_source_end)
                [!provide]                        PROVIDE (__data_source_size = (__data_source_end - __data_source))

.tbss           0x2000005c        0x0 load address 0x08002f28
                0x2000005c                        _sbss = .
                0x2000005c                        __bss_start__ = _sbss
 *(.tbss .tbss.*)
                0x2000005c                        . = ALIGN (0x4)
                [!provide]                        PROVIDE (__tbss_end = .)
                [!provide]                        PROVIDE (__tbss_start = ADDR (.tbss))
                [!provide]                        PROVIDE (__tbss_size = (__tbss_end - __tbss_start))
                [!provide]                        PROVIDE (__tbss_offset = (ADDR (.tbss) - ADDR (.tdata)))
                [!provide]                        PROVIDE (__tls_base = __tdata_start)
                [!provide]                        PROVIDE (__tls_end = __tbss_end)
                [!provide]                        PROVIDE (__tls_size = (__tls_end - __tls_base))
                [!provide]                        PROVIDE (__tls_align = MAX (ALIGNOF (.tdata), ALIGNOF (.tbss)))
                [!provide]                        PROVIDE (__tls_size_align = (((__tls_size + __tls_align) - 0x1) & ~ ((__tls_align - 0x1))))
                [!provide]                        PROVIDE (__arm32_tls_tcb_offset = MAX (0x8, __tls_align))
                [!provide]                        PROVIDE (__arm64_tls_tcb_offset = MAX (0x10, __tls_align))

.bss            0x2000005c      0x1b4 load address 0x08002f28
 *(.bss)
 .bss           0x2000005c       0x1c /opt/st/stm32cubeclt_1.22.0/GNU-tools-for-STM32/bin/../lib/gcc/arm-none-eabi/14.3.1/thumb/v7e-m+fp/hard/crtbegin.o
 *(.bss*)
 .bss.uwTick    0x20000078        0x4 cmake/stm32cubemx/CMakeFiles/STM32_Drivers.dir/__/__/Drivers/STM32F4xx_HAL_Driver/Src/stm32f4xx_hal.c.obj
                0x20000078                uwTick
 .bss.huart2    0x2000007c       0x48 CMakeFiles/base_controller.dir/Core/Src/usart.c.obj
                0x2000007c                huart2
 .bss.__sbrk_heap_end
                0x200000c4        0x4 CMakeFiles/base_controller.dir/Core/Src/sysmem.c.obj
 .bss.__sf      0x200000c8      0x138 /opt/st/stm32cubeclt_1.22.0/GNU-tools-for-STM32/bin/../lib/gcc/arm-none-eabi/14.3.1/../../../../arm-none-eabi/lib/thumb/v7e-m+fp/hard/libg_nano.a(libc_a-findfp.o)
                0x200000c8                __sf
 .bss.errno     0x20000200        0x4 /opt/st/stm32cubeclt_1.22.0/GNU-tools-for-STM32/bin/../lib/gcc/arm-none-eabi/14.3.1/../../../../arm-none-eabi/lib/thumb/v7e-m+fp/hard/libg_nano.a(libc_a-reent.o)
                0x20000200                errno
 .bss.__lock___malloc_recursive_mutex
                0x20000204        0x1 /opt/st/stm32cubeclt_1.22.0/GNU-tools-for-STM32/bin/../lib/gcc/arm-none-eabi/14.3.1/../../../../arm-none-eabi/lib/thumb/v7e-m+fp/hard/libg_nano.a(libc_a-lock.o)
                0x20000204                __lock___malloc_recursive_mutex
 *fill*         0x20000205        0x3 
 .bss.__malloc_sbrk_start
                0x20000208        0x4 /opt/st/stm32cubeclt_1.22.0/GNU-tools-for-STM32/bin/../lib/gcc/arm-none-eabi/14.3.1/../../../../arm-none-eabi/lib/thumb/v7e-m+fp/hard/libg_nano.a(libc_a-mallocr.o)
                0x20000208                __malloc_sbrk_start
 .bss.__malloc_free_list
                0x2000020c        0x4 /opt/st/stm32cubeclt_1.22.0/GNU-tools-for-STM32/bin/../lib/gcc/arm-none-eabi/14.3.1/../../../../arm-none-eabi/lib/thumb/v7e-m+fp/hard/libg_nano.a(libc_a-mallocr.o)
                0x2000020c                __malloc_free_list
 *(COMMON)
                0x20000210                        . = ALIGN (0x4)
                0x20000210                        _ebss = .
                0x20000210                        __bss_end__ = _ebss
                [!provide]                        PROVIDE (__bss_end = .)
                [!provide]                        PROVIDE (__non_tls_bss_start = ADDR (.bss))
                [!provide]                        PROVIDE (__bss_start = __tbss_start)
                [!provide]                        PROVIDE (__bss_size = (__bss_end - __bss_start))

._user_heap_stack
                0x20000210      0x600 load address 0x08002f28
                0x20000210                        . = ALIGN (0x8)
                [!provide]                        PROVIDE (end = .)
                0x20000210                        PROVIDE (_end = .)
                0x20000410                        . = (. + _Min_Heap_Size)
 *fill*         0x20000210      0x200 
                0x20000810                        . = (. + _Min_Stack_Size)
 *fill*         0x20000410      0x400 
                0x20000810                        . = ALIGN (0x8)

/DISCARD/
 libc.a:*(*)
 libm.a:*(*)
 libgcc.a:*(*)
OUTPUT(base_controller.elf elf32-littlearm)
LOAD linker stubs

.ARM.attributes
                0x00000000       0x30
 .ARM.attributes
                0x00000000       0x22 /opt/st/stm32cubeclt_1.22.0/GNU-tools-for-STM32/bin/../lib/gcc/arm-none-eabi/14.3.1/thumb/v7e-m+fp/hard/crti.o
 .ARM.attributes
                0x00000022       0x34 /opt/st/stm32cubeclt_1.22.0/GNU-tools-for-STM32/bin/../lib/gcc/arm-none-eabi/14.3.1/thumb/v7e-m+fp/hard/crtbegin.o
 .ARM.attributes
                0x00000056       0x34 cmake/stm32cubemx/CMakeFiles/STM32_Drivers.dir/__/__/Core/Src/system_stm32f4xx.c.obj
 .ARM.attributes
                0x0000008a       0x34 cmake/stm32cubemx/CMakeFiles/STM32_Drivers.dir/__/__/Drivers/STM32F4xx_HAL_Driver/Src/stm32f4xx_hal_uart.c.obj
 .ARM.attributes
                0x000000be       0x34 cmake/stm32cubemx/CMakeFiles/STM32_Drivers.dir/__/__/Drivers/STM32F4xx_HAL_Driver/Src/stm32f4xx_hal_rcc.c.obj
 .ARM.attributes
                0x000000f2       0x34 cmake/stm32cubemx/CMakeFiles/STM32_Drivers.dir/__/__/Drivers/STM32F4xx_HAL_Driver/Src/stm32f4xx_hal_rcc_ex.c.obj
 .ARM.attributes
                0x00000126       0x34 cmake/stm32cubemx/CMakeFiles/STM32_Drivers.dir/__/__/Drivers/STM32F4xx_HAL_Driver/Src/stm32f4xx_hal_gpio.c.obj
 .ARM.attributes
                0x0000015a       0x34 cmake/stm32cubemx/CMakeFiles/STM32_Drivers.dir/__/__/Drivers/STM32F4xx_HAL_Driver/Src/stm32f4xx_hal_cortex.c.obj
 .ARM.attributes
                0x0000018e       0x34 cmake/stm32cubemx/CMakeFiles/STM32_Drivers.dir/__/__/Drivers/STM32F4xx_HAL_Driver/Src/stm32f4xx_hal.c.obj
 .ARM.attributes
                0x000001c2       0x34 CMakeFiles/base_controller.dir/Core/Src/main.c.obj
 .ARM.attributes
                0x000001f6       0x34 CMakeFiles/base_controller.dir/Core/Src/gpio.c.obj
 .ARM.attributes
                0x0000022a       0x34 CMakeFiles/base_controller.dir/Core/Src/usart.c.obj
 .ARM.attributes
                0x0000025e       0x34 CMakeFiles/base_controller.dir/Core/Src/stm32f4xx_it.c.obj
 .ARM.attributes
                0x00000292       0x34 CMakeFiles/base_controller.dir/Core/Src/stm32f4xx_hal_msp.c.obj
 .ARM.attributes
                0x000002c6       0x34 CMakeFiles/base_controller.dir/Core/Src/sysmem.c.obj
 .ARM.attributes
                0x000002fa       0x21 CMakeFiles/base_controller.dir/startup_stm32f446xx.s.obj
 .ARM.attributes
                0x0000031b       0x22 /opt/st/stm32cubeclt_1.22.0/GNU-tools-for-STM32/bin/../lib/gcc/arm-none-eabi/14.3.1/thumb/v7e-m+fp/hard/libgcc.a(_aeabi_uldivmod.o)
 .ARM.attributes
                0x0000033d       0x34 /opt/st/stm32cubeclt_1.22.0/GNU-tools-for-STM32/bin/../lib/gcc/arm-none-eabi/14.3.1/thumb/v7e-m+fp/hard/libgcc.a(_udivmoddi4.o)
 .ARM.attributes
                0x00000371       0x22 /opt/st/stm32cubeclt_1.22.0/GNU-tools-for-STM32/bin/../lib/gcc/arm-none-eabi/14.3.1/thumb/v7e-m+fp/hard/libgcc.a(_dvmd_tls.o)
 .ARM.attributes
                0x00000393       0x34 /opt/st/stm32cubeclt_1.22.0/GNU-tools-for-STM32/bin/../lib/gcc/arm-none-eabi/14.3.1/../../../../arm-none-eabi/lib/thumb/v7e-m+fp/hard/libg_nano.a(libc_a-findfp.o)
 .ARM.attributes
                0x000003c7       0x34 /opt/st/stm32cubeclt_1.22.0/GNU-tools-for-STM32/bin/../lib/gcc/arm-none-eabi/14.3.1/../../../../arm-none-eabi/lib/thumb/v7e-m+fp/hard/libg_nano.a(libc_a-snprintf.o)
 .ARM.attributes
                0x000003fb       0x34 /opt/st/stm32cubeclt_1.22.0/GNU-tools-for-STM32/bin/../lib/gcc/arm-none-eabi/14.3.1/../../../../arm-none-eabi/lib/thumb/v7e-m+fp/hard/libg_nano.a(libc_a-memset.o)
 .ARM.attributes
                0x0000042f       0x34 /opt/st/stm32cubeclt_1.22.0/GNU-tools-for-STM32/bin/../lib/gcc/arm-none-eabi/14.3.1/../../../../arm-none-eabi/lib/thumb/v7e-m+fp/hard/libg_nano.a(libc_a-reent.o)
 .ARM.attributes
                0x00000463       0x34 /opt/st/stm32cubeclt_1.22.0/GNU-tools-for-STM32/bin/../lib/gcc/arm-none-eabi/14.3.1/../../../../arm-none-eabi/lib/thumb/v7e-m+fp/hard/libg_nano.a(libc_a-impure.o)
 .ARM.attributes
                0x00000497       0x34 /opt/st/stm32cubeclt_1.22.0/GNU-tools-for-STM32/bin/../lib/gcc/arm-none-eabi/14.3.1/../../../../arm-none-eabi/lib/thumb/v7e-m+fp/hard/libg_nano.a(libc_a-errno.o)
 .ARM.attributes
                0x000004cb       0x34 /opt/st/stm32cubeclt_1.22.0/GNU-tools-for-STM32/bin/../lib/gcc/arm-none-eabi/14.3.1/../../../../arm-none-eabi/lib/thumb/v7e-m+fp/hard/libg_nano.a(libc_a-init.o)
 .ARM.attributes
                0x000004ff       0x34 /opt/st/stm32cubeclt_1.22.0/GNU-tools-for-STM32/bin/../lib/gcc/arm-none-eabi/14.3.1/../../../../arm-none-eabi/lib/thumb/v7e-m+fp/hard/libg_nano.a(libc_a-lock.o)
 .ARM.attributes
                0x00000533       0x34 /opt/st/stm32cubeclt_1.22.0/GNU-tools-for-STM32/bin/../lib/gcc/arm-none-eabi/14.3.1/../../../../arm-none-eabi/lib/thumb/v7e-m+fp/hard/libg_nano.a(libc_a-freer.o)
 .ARM.attributes
                0x00000567       0x34 /opt/st/stm32cubeclt_1.22.0/GNU-tools-for-STM32/bin/../lib/gcc/arm-none-eabi/14.3.1/../../../../arm-none-eabi/lib/thumb/v7e-m+fp/hard/libg_nano.a(libc_a-mallocr.o)
 .ARM.attributes
                0x0000059b       0x34 /opt/st/stm32cubeclt_1.22.0/GNU-tools-for-STM32/bin/../lib/gcc/arm-none-eabi/14.3.1/../../../../arm-none-eabi/lib/thumb/v7e-m+fp/hard/libg_nano.a(libc_a-mlock.o)
 .ARM.attributes
                0x000005cf       0x34 /opt/st/stm32cubeclt_1.22.0/GNU-tools-for-STM32/bin/../lib/gcc/arm-none-eabi/14.3.1/../../../../arm-none-eabi/lib/thumb/v7e-m+fp/hard/libg_nano.a(libc_a-nano-svfprintf.o)
 .ARM.attributes
                0x00000603       0x34 /opt/st/stm32cubeclt_1.22.0/GNU-tools-for-STM32/bin/../lib/gcc/arm-none-eabi/14.3.1/../../../../arm-none-eabi/lib/thumb/v7e-m+fp/hard/libg_nano.a(libc_a-nano-vfprintf_i.o)
 .ARM.attributes
                0x00000637       0x34 /opt/st/stm32cubeclt_1.22.0/GNU-tools-for-STM32/bin/../lib/gcc/arm-none-eabi/14.3.1/../../../../arm-none-eabi/lib/thumb/v7e-m+fp/hard/libg_nano.a(libc_a-memmove.o)
 .ARM.attributes
                0x0000066b       0x34 /opt/st/stm32cubeclt_1.22.0/GNU-tools-for-STM32/bin/../lib/gcc/arm-none-eabi/14.3.1/../../../../arm-none-eabi/lib/thumb/v7e-m+fp/hard/libg_nano.a(libc_a-sbrkr.o)
 .ARM.attributes
                0x0000069f       0x1c /opt/st/stm32cubeclt_1.22.0/GNU-tools-for-STM32/bin/../lib/gcc/arm-none-eabi/14.3.1/../../../../arm-none-eabi/lib/thumb/v7e-m+fp/hard/libg_nano.a(libc_a-memchr.o)
 .ARM.attributes
                0x000006bb       0x34 /opt/st/stm32cubeclt_1.22.0/GNU-tools-for-STM32/bin/../lib/gcc/arm-none-eabi/14.3.1/../../../../arm-none-eabi/lib/thumb/v7e-m+fp/hard/libg_nano.a(libc_a-memcpy-stub.o)
 .ARM.attributes
                0x000006ef       0x34 /opt/st/stm32cubeclt_1.22.0/GNU-tools-for-STM32/bin/../lib/gcc/arm-none-eabi/14.3.1/../../../../arm-none-eabi/lib/thumb/v7e-m+fp/hard/libg_nano.a(libc_a-reallocr.o)
 .ARM.attributes
                0x00000723       0x34 /opt/st/stm32cubeclt_1.22.0/GNU-tools-for-STM32/bin/../lib/gcc/arm-none-eabi/14.3.1/../../../../arm-none-eabi/lib/thumb/v7e-m+fp/hard/libg_nano.a(libc_a-msizer.o)
 .ARM.attributes
                0x00000757       0x22 /opt/st/stm32cubeclt_1.22.0/GNU-tools-for-STM32/bin/../lib/gcc/arm-none-eabi/14.3.1/thumb/v7e-m+fp/hard/crtn.o

.comment        0x00000000       0x43
 .comment       0x00000000       0x43 cmake/stm32cubemx/CMakeFiles/STM32_Drivers.dir/__/__/Core/Src/system_stm32f4xx.c.obj
                                 0x44 (size before relaxing)
 .comment       0x00000043       0x44 cmake/stm32cubemx/CMakeFiles/STM32_Drivers.dir/__/__/Drivers/STM32F4xx_HAL_Driver/Src/stm32f4xx_hal_uart.c.obj
 .comment       0x00000043       0x44 cmake/stm32cubemx/CMakeFiles/STM32_Drivers.dir/__/__/Drivers/STM32F4xx_HAL_Driver/Src/stm32f4xx_hal_rcc.c.obj
 .comment       0x00000043       0x44 cmake/stm32cubemx/CMakeFiles/STM32_Drivers.dir/__/__/Drivers/STM32F4xx_HAL_Driver/Src/stm32f4xx_hal_rcc_ex.c.obj
 .comment       0x00000043       0x44 cmake/stm32cubemx/CMakeFiles/STM32_Drivers.dir/__/__/Drivers/STM32F4xx_HAL_Driver/Src/stm32f4xx_hal_gpio.c.obj
 .comment       0x00000043       0x44 cmake/stm32cubemx/CMakeFiles/STM32_Drivers.dir/__/__/Drivers/STM32F4xx_HAL_Driver/Src/stm32f4xx_hal_cortex.c.obj
 .comment       0x00000043       0x44 cmake/stm32cubemx/CMakeFiles/STM32_Drivers.dir/__/__/Drivers/STM32F4xx_HAL_Driver/Src/stm32f4xx_hal.c.obj
 .comment       0x00000043       0x44 CMakeFiles/base_controller.dir/Core/Src/main.c.obj
 .comment       0x00000043       0x44 CMakeFiles/base_controller.dir/Core/Src/gpio.c.obj
 .comment       0x00000043       0x44 CMakeFiles/base_controller.dir/Core/Src/usart.c.obj
 .comment       0x00000043       0x44 CMakeFiles/base_controller.dir/Core/Src/stm32f4xx_it.c.obj
 .comment       0x00000043       0x44 CMakeFiles/base_controller.dir/Core/Src/stm32f4xx_hal_msp.c.obj
 .comment       0x00000043       0x44 CMakeFiles/base_controller.dir/Core/Src/sysmem.c.obj
 .comment       0x00000043       0x44 /opt/st/stm32cubeclt_1.22.0/GNU-tools-for-STM32/bin/../lib/gcc/arm-none-eabi/14.3.1/../../../../arm-none-eabi/lib/thumb/v7e-m+fp/hard/libg_nano.a(libc_a-findfp.o)
 .comment       0x00000043       0x44 /opt/st/stm32cubeclt_1.22.0/GNU-tools-for-STM32/bin/../lib/gcc/arm-none-eabi/14.3.1/../../../../arm-none-eabi/lib/thumb/v7e-m+fp/hard/libg_nano.a(libc_a-snprintf.o)
 .comment       0x00000043       0x44 /opt/st/stm32cubeclt_1.22.0/GNU-tools-for-STM32/bin/../lib/gcc/arm-none-eabi/14.3.1/../../../../arm-none-eabi/lib/thumb/v7e-m+fp/hard/libg_nano.a(libc_a-memset.o)
 .comment       0x00000043       0x44 /opt/st/stm32cubeclt_1.22.0/GNU-tools-for-STM32/bin/../lib/gcc/arm-none-eabi/14.3.1/../../../../arm-none-eabi/lib/thumb/v7e-m+fp/hard/libg_nano.a(libc_a-reent.o)
 .comment       0x00000043       0x44 /opt/st/stm32cubeclt_1.22.0/GNU-tools-for-STM32/bin/../lib/gcc/arm-none-eabi/14.3.1/../../../../arm-none-eabi/lib/thumb/v7e-m+fp/hard/libg_nano.a(libc_a-impure.o)
 .comment       0x00000043       0x44 /opt/st/stm32cubeclt_1.22.0/GNU-tools-for-STM32/bin/../lib/gcc/arm-none-eabi/14.3.1/../../../../arm-none-eabi/lib/thumb/v7e-m+fp/hard/libg_nano.a(libc_a-errno.o)
 .comment       0x00000043       0x44 /opt/st/stm32cubeclt_1.22.0/GNU-tools-for-STM32/bin/../lib/gcc/arm-none-eabi/14.3.1/../../../../arm-none-eabi/lib/thumb/v7e-m+fp/hard/libg_nano.a(libc_a-init.o)
 .comment       0x00000043       0x44 /opt/st/stm32cubeclt_1.22.0/GNU-tools-for-STM32/bin/../lib/gcc/arm-none-eabi/14.3.1/../../../../arm-none-eabi/lib/thumb/v7e-m+fp/hard/libg_nano.a(libc_a-lock.o)
 .comment       0x00000043       0x44 /opt/st/stm32cubeclt_1.22.0/GNU-tools-for-STM32/bin/../lib/gcc/arm-none-eabi/14.3.1/../../../../arm-none-eabi/lib/thumb/v7e-m+fp/hard/libg_nano.a(libc_a-freer.o)
 .comment       0x00000043       0x44 /opt/st/stm32cubeclt_1.22.0/GNU-tools-for-STM32/bin/../lib/gcc/arm-none-eabi/14.3.1/../../../../arm-none-eabi/lib/thumb/v7e-m+fp/hard/libg_nano.a(libc_a-mallocr.o)
 .comment       0x00000043       0x44 /opt/st/stm32cubeclt_1.22.0/GNU-tools-for-STM32/bin/../lib/gcc/arm-none-eabi/14.3.1/../../../../arm-none-eabi/lib/thumb/v7e-m+fp/hard/libg_nano.a(libc_a-mlock.o)
 .comment       0x00000043       0x44 /opt/st/stm32cubeclt_1.22.0/GNU-tools-for-STM32/bin/../lib/gcc/arm-none-eabi/14.3.1/../../../../arm-none-eabi/lib/thumb/v7e-m+fp/hard/libg_nano.a(libc_a-nano-svfprintf.o)
 .comment       0x00000043       0x44 /opt/st/stm32cubeclt_1.22.0/GNU-tools-for-STM32/bin/../lib/gcc/arm-none-eabi/14.3.1/../../../../arm-none-eabi/lib/thumb/v7e-m+fp/hard/libg_nano.a(libc_a-nano-vfprintf_i.o)
 .comment       0x00000043       0x44 /opt/st/stm32cubeclt_1.22.0/GNU-tools-for-STM32/bin/../lib/gcc/arm-none-eabi/14.3.1/../../../../arm-none-eabi/lib/thumb/v7e-m+fp/hard/libg_nano.a(libc_a-memmove.o)
 .comment       0x00000043       0x44 /opt/st/stm32cubeclt_1.22.0/GNU-tools-for-STM32/bin/../lib/gcc/arm-none-eabi/14.3.1/../../../../arm-none-eabi/lib/thumb/v7e-m+fp/hard/libg_nano.a(libc_a-sbrkr.o)
 .comment       0x00000043       0x44 /opt/st/stm32cubeclt_1.22.0/GNU-tools-for-STM32/bin/../lib/gcc/arm-none-eabi/14.3.1/../../../../arm-none-eabi/lib/thumb/v7e-m+fp/hard/libg_nano.a(libc_a-memcpy-stub.o)
 .comment       0x00000043       0x44 /opt/st/stm32cubeclt_1.22.0/GNU-tools-for-STM32/bin/../lib/gcc/arm-none-eabi/14.3.1/../../../../arm-none-eabi/lib/thumb/v7e-m+fp/hard/libg_nano.a(libc_a-reallocr.o)
 .comment       0x00000043       0x44 /opt/st/stm32cubeclt_1.22.0/GNU-tools-for-STM32/bin/../lib/gcc/arm-none-eabi/14.3.1/../../../../arm-none-eabi/lib/thumb/v7e-m+fp/hard/libg_nano.a(libc_a-msizer.o)

.debug_info     0x00000000    0x108f3
 .debug_info    0x00000000      0x54a cmake/stm32cubemx/CMakeFiles/STM32_Drivers.dir/__/__/Core/Src/system_stm32f4xx.c.obj
 .debug_info    0x0000054a     0x2f4f cmake/stm32cubemx/CMakeFiles/STM32_Drivers.dir/__/__/Drivers/STM32F4xx_HAL_Driver/Src/stm32f4xx_hal_uart.c.obj
 .debug_info    0x00003499      0x8ff cmake/stm32cubemx/CMakeFiles/STM32_Drivers.dir/__/__/Drivers/STM32F4xx_HAL_Driver/Src/stm32f4xx_hal_rcc.c.obj
 .debug_info    0x00003d98      0x960 cmake/stm32cubemx/CMakeFiles/STM32_Drivers.dir/__/__/Drivers/STM32F4xx_HAL_Driver/Src/stm32f4xx_hal_rcc_ex.c.obj
 .debug_info    0x000046f8      0x70b cmake/stm32cubemx/CMakeFiles/STM32_Drivers.dir/__/__/Drivers/STM32F4xx_HAL_Driver/Src/stm32f4xx_hal_gpio.c.obj
 .debug_info    0x00004e03      0xdaa cmake/stm32cubemx/CMakeFiles/STM32_Drivers.dir/__/__/Drivers/STM32F4xx_HAL_Driver/Src/stm32f4xx_hal_cortex.c.obj
 .debug_info    0x00005bad      0x99a cmake/stm32cubemx/CMakeFiles/STM32_Drivers.dir/__/__/Drivers/STM32F4xx_HAL_Driver/Src/stm32f4xx_hal.c.obj
 .debug_info    0x00006547      0xb66 CMakeFiles/base_controller.dir/Core/Src/main.c.obj
 .debug_info    0x000070ad      0x439 CMakeFiles/base_controller.dir/Core/Src/gpio.c.obj
 .debug_info    0x000074e6      0x94d CMakeFiles/base_controller.dir/Core/Src/usart.c.obj
 .debug_info    0x00007e33      0x112 CMakeFiles/base_controller.dir/Core/Src/stm32f4xx_it.c.obj
 .debug_info    0x00007f45      0x2ac CMakeFiles/base_controller.dir/Core/Src/stm32f4xx_hal_msp.c.obj
 .debug_info    0x000081f1      0x168 CMakeFiles/base_controller.dir/Core/Src/sysmem.c.obj
 .debug_info    0x00008359       0x30 CMakeFiles/base_controller.dir/startup_stm32f446xx.s.obj
 .debug_info    0x00008389      0xfb8 /opt/st/stm32cubeclt_1.22.0/GNU-tools-for-STM32/bin/../lib/gcc/arm-none-eabi/14.3.1/../../../../arm-none-eabi/lib/thumb/v7e-m+fp/hard/libg_nano.a(libc_a-findfp.o)
 .debug_info    0x00009341      0x8b9 /opt/st/stm32cubeclt_1.22.0/GNU-tools-for-STM32/bin/../lib/gcc/arm-none-eabi/14.3.1/../../../../arm-none-eabi/lib/thumb/v7e-m+fp/hard/libg_nano.a(libc_a-snprintf.o)
 .debug_info    0x00009bfa       0xe0 /opt/st/stm32cubeclt_1.22.0/GNU-tools-for-STM32/bin/../lib/gcc/arm-none-eabi/14.3.1/../../../../arm-none-eabi/lib/thumb/v7e-m+fp/hard/libg_nano.a(libc_a-memset.o)
 .debug_info    0x00009cda      0x8a1 /opt/st/stm32cubeclt_1.22.0/GNU-tools-for-STM32/bin/../lib/gcc/arm-none-eabi/14.3.1/../../../../arm-none-eabi/lib/thumb/v7e-m+fp/hard/libg_nano.a(libc_a-reent.o)
 .debug_info    0x0000a57b      0x715 /opt/st/stm32cubeclt_1.22.0/GNU-tools-for-STM32/bin/../lib/gcc/arm-none-eabi/14.3.1/../../../../arm-none-eabi/lib/thumb/v7e-m+fp/hard/libg_nano.a(libc_a-impure.o)
 .debug_info    0x0000ac90      0x6fb /opt/st/stm32cubeclt_1.22.0/GNU-tools-for-STM32/bin/../lib/gcc/arm-none-eabi/14.3.1/../../../../arm-none-eabi/lib/thumb/v7e-m+fp/hard/libg_nano.a(libc_a-errno.o)
 .debug_info    0x0000b38b      0x10b /opt/st/stm32cubeclt_1.22.0/GNU-tools-for-STM32/bin/../lib/gcc/arm-none-eabi/14.3.1/../../../../arm-none-eabi/lib/thumb/v7e-m+fp/hard/libg_nano.a(libc_a-init.o)
 .debug_info    0x0000b496      0x218 /opt/st/stm32cubeclt_1.22.0/GNU-tools-for-STM32/bin/../lib/gcc/arm-none-eabi/14.3.1/../../../../arm-none-eabi/lib/thumb/v7e-m+fp/hard/libg_nano.a(libc_a-lock.o)
 .debug_info    0x0000b6ae      0x851 /opt/st/stm32cubeclt_1.22.0/GNU-tools-for-STM32/bin/../lib/gcc/arm-none-eabi/14.3.1/../../../../arm-none-eabi/lib/thumb/v7e-m+fp/hard/libg_nano.a(libc_a-freer.o)
 .debug_info    0x0000beff      0x9bc /opt/st/stm32cubeclt_1.22.0/GNU-tools-for-STM32/bin/../lib/gcc/arm-none-eabi/14.3.1/../../../../arm-none-eabi/lib/thumb/v7e-m+fp/hard/libg_nano.a(libc_a-mallocr.o)
 .debug_info    0x0000c8bb      0x76b /opt/st/stm32cubeclt_1.22.0/GNU-tools-for-STM32/bin/../lib/gcc/arm-none-eabi/14.3.1/../../../../arm-none-eabi/lib/thumb/v7e-m+fp/hard/libg_nano.a(libc_a-mlock.o)
 .debug_info    0x0000d026     0x10b3 /opt/st/stm32cubeclt_1.22.0/GNU-tools-for-STM32/bin/../lib/gcc/arm-none-eabi/14.3.1/../../../../arm-none-eabi/lib/thumb/v7e-m+fp/hard/libg_nano.a(libc_a-nano-svfprintf.o)
 .debug_info    0x0000e0d9      0xde2 /opt/st/stm32cubeclt_1.22.0/GNU-tools-for-STM32/bin/../lib/gcc/arm-none-eabi/14.3.1/../../../../arm-none-eabi/lib/thumb/v7e-m+fp/hard/libg_nano.a(libc_a-nano-vfprintf_i.o)
 .debug_info    0x0000eebb      0x10f /opt/st/stm32cubeclt_1.22.0/GNU-tools-for-STM32/bin/../lib/gcc/arm-none-eabi/14.3.1/../../../../arm-none-eabi/lib/thumb/v7e-m+fp/hard/libg_nano.a(libc_a-memmove.o)
 .debug_info    0x0000efca      0x782 /opt/st/stm32cubeclt_1.22.0/GNU-tools-for-STM32/bin/../lib/gcc/arm-none-eabi/14.3.1/../../../../arm-none-eabi/lib/thumb/v7e-m+fp/hard/libg_nano.a(libc_a-sbrkr.o)
 .debug_info    0x0000f74c       0x25 /opt/st/stm32cubeclt_1.22.0/GNU-tools-for-STM32/bin/../lib/gcc/arm-none-eabi/14.3.1/../../../../arm-none-eabi/lib/thumb/v7e-m+fp/hard/libg_nano.a(libc_a-memchr.o)
 .debug_info    0x0000f771      0x121 /opt/st/stm32cubeclt_1.22.0/GNU-tools-for-STM32/bin/../lib/gcc/arm-none-eabi/14.3.1/../../../../arm-none-eabi/lib/thumb/v7e-m+fp/hard/libg_nano.a(libc_a-memcpy-stub.o)
 .debug_info    0x0000f892      0x8cd /opt/st/stm32cubeclt_1.22.0/GNU-tools-for-STM32/bin/../lib/gcc/arm-none-eabi/14.3.1/../../../../arm-none-eabi/lib/thumb/v7e-m+fp/hard/libg_nano.a(libc_a-reallocr.o)
 .debug_info    0x0001015f      0x794 /opt/st/stm32cubeclt_1.22.0/GNU-tools-for-STM32/bin/../lib/gcc/arm-none-eabi/14.3.1/../../../../arm-none-eabi/lib/thumb/v7e-m+fp/hard/libg_nano.a(libc_a-msizer.o)

.debug_abbrev   0x00000000     0x3819
 .debug_abbrev  0x00000000      0x11a cmake/stm32cubemx/CMakeFiles/STM32_Drivers.dir/__/__/Core/Src/system_stm32f4xx.c.obj
 .debug_abbrev  0x0000011a      0x30e cmake/stm32cubemx/CMakeFiles/STM32_Drivers.dir/__/__/Drivers/STM32F4xx_HAL_Driver/Src/stm32f4xx_hal_uart.c.obj
 .debug_abbrev  0x00000428      0x2b7 cmake/stm32cubemx/CMakeFiles/STM32_Drivers.dir/__/__/Drivers/STM32F4xx_HAL_Driver/Src/stm32f4xx_hal_rcc.c.obj
 .debug_abbrev  0x000006df      0x211 cmake/stm32cubemx/CMakeFiles/STM32_Drivers.dir/__/__/Drivers/STM32F4xx_HAL_Driver/Src/stm32f4xx_hal_rcc_ex.c.obj
 .debug_abbrev  0x000008f0      0x1d4 cmake/stm32cubemx/CMakeFiles/STM32_Drivers.dir/__/__/Drivers/STM32F4xx_HAL_Driver/Src/stm32f4xx_hal_gpio.c.obj
 .debug_abbrev  0x00000ac4      0x31d cmake/stm32cubemx/CMakeFiles/STM32_Drivers.dir/__/__/Drivers/STM32F4xx_HAL_Driver/Src/stm32f4xx_hal_cortex.c.obj
 .debug_abbrev  0x00000de1      0x214 cmake/stm32cubemx/CMakeFiles/STM32_Drivers.dir/__/__/Drivers/STM32F4xx_HAL_Driver/Src/stm32f4xx_hal.c.obj
 .debug_abbrev  0x00000ff5      0x230 CMakeFiles/base_controller.dir/Core/Src/main.c.obj
 .debug_abbrev  0x00001225      0x152 CMakeFiles/base_controller.dir/Core/Src/gpio.c.obj
 .debug_abbrev  0x00001377      0x1f9 CMakeFiles/base_controller.dir/Core/Src/usart.c.obj
 .debug_abbrev  0x00001570       0x73 CMakeFiles/base_controller.dir/Core/Src/stm32f4xx_it.c.obj
 .debug_abbrev  0x000015e3       0xf4 CMakeFiles/base_controller.dir/Core/Src/stm32f4xx_hal_msp.c.obj
 .debug_abbrev  0x000016d7       0xbc CMakeFiles/base_controller.dir/Core/Src/sysmem.c.obj
 .debug_abbrev  0x00001793       0x24 CMakeFiles/base_controller.dir/startup_stm32f446xx.s.obj
 .debug_abbrev  0x000017b7      0x424 /opt/st/stm32cubeclt_1.22.0/GNU-tools-for-STM32/bin/../lib/gcc/arm-none-eabi/14.3.1/../../../../arm-none-eabi/lib/thumb/v7e-m+fp/hard/libg_nano.a(libc_a-findfp.o)
 .debug_abbrev  0x00001bdb      0x231 /opt/st/stm32cubeclt_1.22.0/GNU-tools-for-STM32/bin/../lib/gcc/arm-none-eabi/14.3.1/../../../../arm-none-eabi/lib/thumb/v7e-m+fp/hard/libg_nano.a(libc_a-snprintf.o)
 .debug_abbrev  0x00001e0c       0x9e /opt/st/stm32cubeclt_1.22.0/GNU-tools-for-STM32/bin/../lib/gcc/arm-none-eabi/14.3.1/../../../../arm-none-eabi/lib/thumb/v7e-m+fp/hard/libg_nano.a(libc_a-memset.o)
 .debug_abbrev  0x00001eaa      0x1f7 /opt/st/stm32cubeclt_1.22.0/GNU-tools-for-STM32/bin/../lib/gcc/arm-none-eabi/14.3.1/../../../../arm-none-eabi/lib/thumb/v7e-m+fp/hard/libg_nano.a(libc_a-reent.o)
 .debug_abbrev  0x000020a1      0x149 /opt/st/stm32cubeclt_1.22.0/GNU-tools-for-STM32/bin/../lib/gcc/arm-none-eabi/14.3.1/../../../../arm-none-eabi/lib/thumb/v7e-m+fp/hard/libg_nano.a(libc_a-impure.o)
 .debug_abbrev  0x000021ea      0x15e /opt/st/stm32cubeclt_1.22.0/GNU-tools-for-STM32/bin/../lib/gcc/arm-none-eabi/14.3.1/../../../../arm-none-eabi/lib/thumb/v7e-m+fp/hard/libg_nano.a(libc_a-errno.o)
 .debug_abbrev  0x00002348       0xc9 /opt/st/stm32cubeclt_1.22.0/GNU-tools-for-STM32/bin/../lib/gcc/arm-none-eabi/14.3.1/../../../../arm-none-eabi/lib/thumb/v7e-m+fp/hard/libg_nano.a(libc_a-init.o)
 .debug_abbrev  0x00002411      0x115 /opt/st/stm32cubeclt_1.22.0/GNU-tools-for-STM32/bin/../lib/gcc/arm-none-eabi/14.3.1/../../../../arm-none-eabi/lib/thumb/v7e-m+fp/hard/libg_nano.a(libc_a-lock.o)
 .debug_abbrev  0x00002526      0x236 /opt/st/stm32cubeclt_1.22.0/GNU-tools-for-STM32/bin/../lib/gcc/arm-none-eabi/14.3.1/../../../../arm-none-eabi/lib/thumb/v7e-m+fp/hard/libg_nano.a(libc_a-freer.o)
 .debug_abbrev  0x0000275c      0x24a /opt/st/stm32cubeclt_1.22.0/GNU-tools-for-STM32/bin/../lib/gcc/arm-none-eabi/14.3.1/../../../../arm-none-eabi/lib/thumb/v7e-m+fp/hard/libg_nano.a(libc_a-mallocr.o)
 .debug_abbrev  0x000029a6      0x1bf /opt/st/stm32cubeclt_1.22.0/GNU-tools-for-STM32/bin/../lib/gcc/arm-none-eabi/14.3.1/../../../../arm-none-eabi/lib/thumb/v7e-m+fp/hard/libg_nano.a(libc_a-mlock.o)
 .debug_abbrev  0x00002b65      0x31e /opt/st/stm32cubeclt_1.22.0/GNU-tools-for-STM32/bin/../lib/gcc/arm-none-eabi/14.3.1/../../../../arm-none-eabi/lib/thumb/v7e-m+fp/hard/libg_nano.a(libc_a-nano-svfprintf.o)
 .debug_abbrev  0x00002e83      0x28e /opt/st/stm32cubeclt_1.22.0/GNU-tools-for-STM32/bin/../lib/gcc/arm-none-eabi/14.3.1/../../../../arm-none-eabi/lib/thumb/v7e-m+fp/hard/libg_nano.a(libc_a-nano-vfprintf_i.o)
 .debug_abbrev  0x00003111       0xac /opt/st/stm32cubeclt_1.22.0/GNU-tools-for-STM32/bin/../lib/gcc/arm-none-eabi/14.3.1/../../../../arm-none-eabi/lib/thumb/v7e-m+fp/hard/libg_nano.a(libc_a-memmove.o)
 .debug_abbrev  0x000031bd      0x1da /opt/st/stm32cubeclt_1.22.0/GNU-tools-for-STM32/bin/../lib/gcc/arm-none-eabi/14.3.1/../../../../arm-none-eabi/lib/thumb/v7e-m+fp/hard/libg_nano.a(libc_a-sbrkr.o)
 .debug_abbrev  0x00003397       0x14 /opt/st/stm32cubeclt_1.22.0/GNU-tools-for-STM32/bin/../lib/gcc/arm-none-eabi/14.3.1/../../../../arm-none-eabi/lib/thumb/v7e-m+fp/hard/libg_nano.a(libc_a-memchr.o)
 .debug_abbrev  0x000033ab       0xc1 /opt/st/stm32cubeclt_1.22.0/GNU-tools-for-STM32/bin/../lib/gcc/arm-none-eabi/14.3.1/../../../../arm-none-eabi/lib/thumb/v7e-m+fp/hard/libg_nano.a(libc_a-memcpy-stub.o)
 .debug_abbrev  0x0000346c      0x217 /opt/st/stm32cubeclt_1.22.0/GNU-tools-for-STM32/bin/../lib/gcc/arm-none-eabi/14.3.1/../../../../arm-none-eabi/lib/thumb/v7e-m+fp/hard/libg_nano.a(libc_a-reallocr.o)
 .debug_abbrev  0x00003683      0x196 /opt/st/stm32cubeclt_1.22.0/GNU-tools-for-STM32/bin/../lib/gcc/arm-none-eabi/14.3.1/../../../../arm-none-eabi/lib/thumb/v7e-m+fp/hard/libg_nano.a(libc_a-msizer.o)

.debug_aranges  0x00000000      0xa18
 .debug_aranges
                0x00000000       0x28 cmake/stm32cubemx/CMakeFiles/STM32_Drivers.dir/__/__/Core/Src/system_stm32f4xx.c.obj
 .debug_aranges
                0x00000028      0x208 cmake/stm32cubemx/CMakeFiles/STM32_Drivers.dir/__/__/Drivers/STM32F4xx_HAL_Driver/Src/stm32f4xx_hal_uart.c.obj
 .debug_aranges
                0x00000230       0x88 cmake/stm32cubemx/CMakeFiles/STM32_Drivers.dir/__/__/Drivers/STM32F4xx_HAL_Driver/Src/stm32f4xx_hal_rcc.c.obj
 .debug_aranges
                0x000002b8       0x78 cmake/stm32cubemx/CMakeFiles/STM32_Drivers.dir/__/__/Drivers/STM32F4xx_HAL_Driver/Src/stm32f4xx_hal_rcc_ex.c.obj
 .debug_aranges
                0x00000330       0x58 cmake/stm32cubemx/CMakeFiles/STM32_Drivers.dir/__/__/Drivers/STM32F4xx_HAL_Driver/Src/stm32f4xx_hal_gpio.c.obj
 .debug_aranges
                0x00000388      0x130 cmake/stm32cubemx/CMakeFiles/STM32_Drivers.dir/__/__/Drivers/STM32F4xx_HAL_Driver/Src/stm32f4xx_hal_cortex.c.obj
 .debug_aranges
                0x000004b8       0xf0 cmake/stm32cubemx/CMakeFiles/STM32_Drivers.dir/__/__/Drivers/STM32F4xx_HAL_Driver/Src/stm32f4xx_hal.c.obj
 .debug_aranges
                0x000005a8       0x30 CMakeFiles/base_controller.dir/Core/Src/main.c.obj
 .debug_aranges
                0x000005d8       0x20 CMakeFiles/base_controller.dir/Core/Src/gpio.c.obj
 .debug_aranges
                0x000005f8       0x30 CMakeFiles/base_controller.dir/Core/Src/usart.c.obj
 .debug_aranges
                0x00000628       0x60 CMakeFiles/base_controller.dir/Core/Src/stm32f4xx_it.c.obj
 .debug_aranges
                0x00000688       0x20 CMakeFiles/base_controller.dir/Core/Src/stm32f4xx_hal_msp.c.obj
 .debug_aranges
                0x000006a8       0x20 CMakeFiles/base_controller.dir/Core/Src/sysmem.c.obj
 .debug_aranges
                0x000006c8       0x28 CMakeFiles/base_controller.dir/startup_stm32f446xx.s.obj
 .debug_aranges
                0x000006f0       0x78 /opt/st/stm32cubeclt_1.22.0/GNU-tools-for-STM32/bin/../lib/gcc/arm-none-eabi/14.3.1/../../../../arm-none-eabi/lib/thumb/v7e-m+fp/hard/libg_nano.a(libc_a-findfp.o)
 .debug_aranges
                0x00000768       0x28 /opt/st/stm32cubeclt_1.22.0/GNU-tools-for-STM32/bin/../lib/gcc/arm-none-eabi/14.3.1/../../../../arm-none-eabi/lib/thumb/v7e-m+fp/hard/libg_nano.a(libc_a-snprintf.o)
 .debug_aranges
                0x00000790       0x20 /opt/st/stm32cubeclt_1.22.0/GNU-tools-for-STM32/bin/../lib/gcc/arm-none-eabi/14.3.1/../../../../arm-none-eabi/lib/thumb/v7e-m+fp/hard/libg_nano.a(libc_a-memset.o)
 .debug_aranges
                0x000007b0       0x20 /opt/st/stm32cubeclt_1.22.0/GNU-tools-for-STM32/bin/../lib/gcc/arm-none-eabi/14.3.1/../../../../arm-none-eabi/lib/thumb/v7e-m+fp/hard/libg_nano.a(libc_a-reent.o)
 .debug_aranges
                0x000007d0       0x18 /opt/st/stm32cubeclt_1.22.0/GNU-tools-for-STM32/bin/../lib/gcc/arm-none-eabi/14.3.1/../../../../arm-none-eabi/lib/thumb/v7e-m+fp/hard/libg_nano.a(libc_a-impure.o)
 .debug_aranges
                0x000007e8       0x20 /opt/st/stm32cubeclt_1.22.0/GNU-tools-for-STM32/bin/../lib/gcc/arm-none-eabi/14.3.1/../../../../arm-none-eabi/lib/thumb/v7e-m+fp/hard/libg_nano.a(libc_a-errno.o)
 .debug_aranges
                0x00000808       0x20 /opt/st/stm32cubeclt_1.22.0/GNU-tools-for-STM32/bin/../lib/gcc/arm-none-eabi/14.3.1/../../../../arm-none-eabi/lib/thumb/v7e-m+fp/hard/libg_nano.a(libc_a-init.o)
 .debug_aranges
                0x00000828       0x68 /opt/st/stm32cubeclt_1.22.0/GNU-tools-for-STM32/bin/../lib/gcc/arm-none-eabi/14.3.1/../../../../arm-none-eabi/lib/thumb/v7e-m+fp/hard/libg_nano.a(libc_a-lock.o)
 .debug_aranges
                0x00000890       0x20 /opt/st/stm32cubeclt_1.22.0/GNU-tools-for-STM32/bin/../lib/gcc/arm-none-eabi/14.3.1/../../../../arm-none-eabi/lib/thumb/v7e-m+fp/hard/libg_nano.a(libc_a-freer.o)
 .debug_aranges
                0x000008b0       0x28 /opt/st/stm32cubeclt_1.22.0/GNU-tools-for-STM32/bin/../lib/gcc/arm-none-eabi/14.3.1/../../../../arm-none-eabi/lib/thumb/v7e-m+fp/hard/libg_nano.a(libc_a-mallocr.o)
 .debug_aranges
                0x000008d8       0x28 /opt/st/stm32cubeclt_1.22.0/GNU-tools-for-STM32/bin/../lib/gcc/arm-none-eabi/14.3.1/../../../../arm-none-eabi/lib/thumb/v7e-m+fp/hard/libg_nano.a(libc_a-mlock.o)
 .debug_aranges
                0x00000900       0x30 /opt/st/stm32cubeclt_1.22.0/GNU-tools-for-STM32/bin/../lib/gcc/arm-none-eabi/14.3.1/../../../../arm-none-eabi/lib/thumb/v7e-m+fp/hard/libg_nano.a(libc_a-nano-svfprintf.o)
 .debug_aranges
                0x00000930       0x28 /opt/st/stm32cubeclt_1.22.0/GNU-tools-for-STM32/bin/../lib/gcc/arm-none-eabi/14.3.1/../../../../arm-none-eabi/lib/thumb/v7e-m+fp/hard/libg_nano.a(libc_a-nano-vfprintf_i.o)
 .debug_aranges
                0x00000958       0x20 /opt/st/stm32cubeclt_1.22.0/GNU-tools-for-STM32/bin/../lib/gcc/arm-none-eabi/14.3.1/../../../../arm-none-eabi/lib/thumb/v7e-m+fp/hard/libg_nano.a(libc_a-memmove.o)
 .debug_aranges
                0x00000978       0x20 /opt/st/stm32cubeclt_1.22.0/GNU-tools-for-STM32/bin/../lib/gcc/arm-none-eabi/14.3.1/../../../../arm-none-eabi/lib/thumb/v7e-m+fp/hard/libg_nano.a(libc_a-sbrkr.o)
 .debug_aranges
                0x00000998       0x20 /opt/st/stm32cubeclt_1.22.0/GNU-tools-for-STM32/bin/../lib/gcc/arm-none-eabi/14.3.1/../../../../arm-none-eabi/lib/thumb/v7e-m+fp/hard/libg_nano.a(libc_a-memchr.o)
 .debug_aranges
                0x000009b8       0x20 /opt/st/stm32cubeclt_1.22.0/GNU-tools-for-STM32/bin/../lib/gcc/arm-none-eabi/14.3.1/../../../../arm-none-eabi/lib/thumb/v7e-m+fp/hard/libg_nano.a(libc_a-memcpy-stub.o)
 .debug_aranges
                0x000009d8       0x20 /opt/st/stm32cubeclt_1.22.0/GNU-tools-for-STM32/bin/../lib/gcc/arm-none-eabi/14.3.1/../../../../arm-none-eabi/lib/thumb/v7e-m+fp/hard/libg_nano.a(libc_a-reallocr.o)
 .debug_aranges
                0x000009f8       0x20 /opt/st/stm32cubeclt_1.22.0/GNU-tools-for-STM32/bin/../lib/gcc/arm-none-eabi/14.3.1/../../../../arm-none-eabi/lib/thumb/v7e-m+fp/hard/libg_nano.a(libc_a-msizer.o)

.debug_rnglists
                0x00000000      0x7dc
 .debug_rnglists
                0x00000000       0x1a cmake/stm32cubemx/CMakeFiles/STM32_Drivers.dir/__/__/Core/Src/system_stm32f4xx.c.obj
 .debug_rnglists
                0x0000001a      0x1bc cmake/stm32cubemx/CMakeFiles/STM32_Drivers.dir/__/__/Drivers/STM32F4xx_HAL_Driver/Src/stm32f4xx_hal_uart.c.obj
 .debug_rnglists
                0x000001d6       0x66 cmake/stm32cubemx/CMakeFiles/STM32_Drivers.dir/__/__/Drivers/STM32F4xx_HAL_Driver/Src/stm32f4xx_hal_rcc.c.obj
 .debug_rnglists
                0x0000023c       0x5e cmake/stm32cubemx/CMakeFiles/STM32_Drivers.dir/__/__/Drivers/STM32F4xx_HAL_Driver/Src/stm32f4xx_hal_rcc_ex.c.obj
 .debug_rnglists
                0x0000029a       0x3f cmake/stm32cubemx/CMakeFiles/STM32_Drivers.dir/__/__/Drivers/STM32F4xx_HAL_Driver/Src/stm32f4xx_hal_gpio.c.obj
 .debug_rnglists
                0x000002d9       0xe0 cmake/stm32cubemx/CMakeFiles/STM32_Drivers.dir/__/__/Drivers/STM32F4xx_HAL_Driver/Src/stm32f4xx_hal_cortex.c.obj
 .debug_rnglists
                0x000003b9       0xaf cmake/stm32cubemx/CMakeFiles/STM32_Drivers.dir/__/__/Drivers/STM32F4xx_HAL_Driver/Src/stm32f4xx_hal.c.obj
 .debug_rnglists
                0x00000468       0x21 CMakeFiles/base_controller.dir/Core/Src/main.c.obj
 .debug_rnglists
                0x00000489       0x14 CMakeFiles/base_controller.dir/Core/Src/gpio.c.obj
 .debug_rnglists
                0x0000049d       0x20 CMakeFiles/base_controller.dir/Core/Src/usart.c.obj
 .debug_rnglists
                0x000004bd       0x43 CMakeFiles/base_controller.dir/Core/Src/stm32f4xx_it.c.obj
 .debug_rnglists
                0x00000500       0x13 CMakeFiles/base_controller.dir/Core/Src/stm32f4xx_hal_msp.c.obj
 .debug_rnglists
                0x00000513       0x13 CMakeFiles/base_controller.dir/Core/Src/sysmem.c.obj
 .debug_rnglists
                0x00000526       0x19 CMakeFiles/base_controller.dir/startup_stm32f446xx.s.obj
 .debug_rnglists
                0x0000053f       0x7d /opt/st/stm32cubeclt_1.22.0/GNU-tools-for-STM32/bin/../lib/gcc/arm-none-eabi/14.3.1/../../../../arm-none-eabi/lib/thumb/v7e-m+fp/hard/libg_nano.a(libc_a-findfp.o)
 .debug_rnglists
                0x000005bc       0x19 /opt/st/stm32cubeclt_1.22.0/GNU-tools-for-STM32/bin/../lib/gcc/arm-none-eabi/14.3.1/../../../../arm-none-eabi/lib/thumb/v7e-m+fp/hard/libg_nano.a(libc_a-snprintf.o)
 .debug_rnglists
                0x000005d5       0x13 /opt/st/stm32cubeclt_1.22.0/GNU-tools-for-STM32/bin/../lib/gcc/arm-none-eabi/14.3.1/../../../../arm-none-eabi/lib/thumb/v7e-m+fp/hard/libg_nano.a(libc_a-memset.o)
 .debug_rnglists
                0x000005e8       0x2c /opt/st/stm32cubeclt_1.22.0/GNU-tools-for-STM32/bin/../lib/gcc/arm-none-eabi/14.3.1/../../../../arm-none-eabi/lib/thumb/v7e-m+fp/hard/libg_nano.a(libc_a-reent.o)
 .debug_rnglists
                0x00000614       0x13 /opt/st/stm32cubeclt_1.22.0/GNU-tools-for-STM32/bin/../lib/gcc/arm-none-eabi/14.3.1/../../../../arm-none-eabi/lib/thumb/v7e-m+fp/hard/libg_nano.a(libc_a-errno.o)
 .debug_rnglists
                0x00000627       0x13 /opt/st/stm32cubeclt_1.22.0/GNU-tools-for-STM32/bin/../lib/gcc/arm-none-eabi/14.3.1/../../../../arm-none-eabi/lib/thumb/v7e-m+fp/hard/libg_nano.a(libc_a-init.o)
 .debug_rnglists
                0x0000063a       0x49 /opt/st/stm32cubeclt_1.22.0/GNU-tools-for-STM32/bin/../lib/gcc/arm-none-eabi/14.3.1/../../../../arm-none-eabi/lib/thumb/v7e-m+fp/hard/libg_nano.a(libc_a-lock.o)
 .debug_rnglists
                0x00000683       0x14 /opt/st/stm32cubeclt_1.22.0/GNU-tools-for-STM32/bin/../lib/gcc/arm-none-eabi/14.3.1/../../../../arm-none-eabi/lib/thumb/v7e-m+fp/hard/libg_nano.a(libc_a-freer.o)
 .debug_rnglists
                0x00000697       0x2c /opt/st/stm32cubeclt_1.22.0/GNU-tools-for-STM32/bin/../lib/gcc/arm-none-eabi/14.3.1/../../../../arm-none-eabi/lib/thumb/v7e-m+fp/hard/libg_nano.a(libc_a-mallocr.o)
 .debug_rnglists
                0x000006c3       0x19 /opt/st/stm32cubeclt_1.22.0/GNU-tools-for-STM32/bin/../lib/gcc/arm-none-eabi/14.3.1/../../../../arm-none-eabi/lib/thumb/v7e-m+fp/hard/libg_nano.a(libc_a-mlock.o)
 .debug_rnglists
                0x000006dc       0x40 /opt/st/stm32cubeclt_1.22.0/GNU-tools-for-STM32/bin/../lib/gcc/arm-none-eabi/14.3.1/../../../../arm-none-eabi/lib/thumb/v7e-m+fp/hard/libg_nano.a(libc_a-nano-svfprintf.o)
 .debug_rnglists
                0x0000071c       0x61 /opt/st/stm32cubeclt_1.22.0/GNU-tools-for-STM32/bin/../lib/gcc/arm-none-eabi/14.3.1/../../../../arm-none-eabi/lib/thumb/v7e-m+fp/hard/libg_nano.a(libc_a-nano-vfprintf_i.o)
 .debug_rnglists
                0x0000077d       0x13 /opt/st/stm32cubeclt_1.22.0/GNU-tools-for-STM32/bin/../lib/gcc/arm-none-eabi/14.3.1/../../../../arm-none-eabi/lib/thumb/v7e-m+fp/hard/libg_nano.a(libc_a-memmove.o)
 .debug_rnglists
                0x00000790       0x13 /opt/st/stm32cubeclt_1.22.0/GNU-tools-for-STM32/bin/../lib/gcc/arm-none-eabi/14.3.1/../../../../arm-none-eabi/lib/thumb/v7e-m+fp/hard/libg_nano.a(libc_a-sbrkr.o)
 .debug_rnglists
                0x000007a3       0x13 /opt/st/stm32cubeclt_1.22.0/GNU-tools-for-STM32/bin/../lib/gcc/arm-none-eabi/14.3.1/../../../../arm-none-eabi/lib/thumb/v7e-m+fp/hard/libg_nano.a(libc_a-memcpy-stub.o)
 .debug_rnglists
                0x000007b6       0x13 /opt/st/stm32cubeclt_1.22.0/GNU-tools-for-STM32/bin/../lib/gcc/arm-none-eabi/14.3.1/../../../../arm-none-eabi/lib/thumb/v7e-m+fp/hard/libg_nano.a(libc_a-reallocr.o)
 .debug_rnglists
                0x000007c9       0x13 /opt/st/stm32cubeclt_1.22.0/GNU-tools-for-STM32/bin/../lib/gcc/arm-none-eabi/14.3.1/../../../../arm-none-eabi/lib/thumb/v7e-m+fp/hard/libg_nano.a(libc_a-msizer.o)

.debug_macro    0x00000000    0x2147b
 .debug_macro   0x00000000      0x1ba cmake/stm32cubemx/CMakeFiles/STM32_Drivers.dir/__/__/Core/Src/system_stm32f4xx.c.obj
 .debug_macro   0x000001ba      0xad8 cmake/stm32cubemx/CMakeFiles/STM32_Drivers.dir/__/__/Core/Src/system_stm32f4xx.c.obj
 .debug_macro   0x00000c92       0x2e cmake/stm32cubemx/CMakeFiles/STM32_Drivers.dir/__/__/Core/Src/system_stm32f4xx.c.obj
 .debug_macro   0x00000cc0       0x28 cmake/stm32cubemx/CMakeFiles/STM32_Drivers.dir/__/__/Core/Src/system_stm32f4xx.c.obj
 .debug_macro   0x00000ce8       0x22 cmake/stm32cubemx/CMakeFiles/STM32_Drivers.dir/__/__/Core/Src/system_stm32f4xx.c.obj
 .debug_macro   0x00000d0a       0x8e cmake/stm32cubemx/CMakeFiles/STM32_Drivers.dir/__/__/Core/Src/system_stm32f4xx.c.obj
 .debug_macro   0x00000d98       0x51 cmake/stm32cubemx/CMakeFiles/STM32_Drivers.dir/__/__/Core/Src/system_stm32f4xx.c.obj
 .debug_macro   0x00000de9      0x103 cmake/stm32cubemx/CMakeFiles/STM32_Drivers.dir/__/__/Core/Src/system_stm32f4xx.c.obj
 .debug_macro   0x00000eec       0x6a cmake/stm32cubemx/CMakeFiles/STM32_Drivers.dir/__/__/Core/Src/system_stm32f4xx.c.obj
 .debug_macro   0x00000f56      0x1df cmake/stm32cubemx/CMakeFiles/STM32_Drivers.dir/__/__/Core/Src/system_stm32f4xx.c.obj
 .debug_macro   0x00001135       0x1c cmake/stm32cubemx/CMakeFiles/STM32_Drivers.dir/__/__/Core/Src/system_stm32f4xx.c.obj
 .debug_macro   0x00001151       0x22 cmake/stm32cubemx/CMakeFiles/STM32_Drivers.dir/__/__/Core/Src/system_stm32f4xx.c.obj
 .debug_macro   0x00001173       0xfb cmake/stm32cubemx/CMakeFiles/STM32_Drivers.dir/__/__/Core/Src/system_stm32f4xx.c.obj
 .debug_macro   0x0000126e     0x1011 cmake/stm32cubemx/CMakeFiles/STM32_Drivers.dir/__/__/Core/Src/system_stm32f4xx.c.obj
 .debug_macro   0x0000227f      0x11f cmake/stm32cubemx/CMakeFiles/STM32_Drivers.dir/__/__/Core/Src/system_stm32f4xx.c.obj
 .debug_macro   0x0000239e    0x1675e cmake/stm32cubemx/CMakeFiles/STM32_Drivers.dir/__/__/Core/Src/system_stm32f4xx.c.obj
 .debug_macro   0x00018afc       0x6d cmake/stm32cubemx/CMakeFiles/STM32_Drivers.dir/__/__/Core/Src/system_stm32f4xx.c.obj
 .debug_macro   0x00018b69      0x295 cmake/stm32cubemx/CMakeFiles/STM32_Drivers.dir/__/__/Core/Src/system_stm32f4xx.c.obj
 .debug_macro   0x00018dfe     0x3693 cmake/stm32cubemx/CMakeFiles/STM32_Drivers.dir/__/__/Core/Src/system_stm32f4xx.c.obj
 .debug_macro   0x0001c491      0x190 cmake/stm32cubemx/CMakeFiles/STM32_Drivers.dir/__/__/Core/Src/system_stm32f4xx.c.obj
 .debug_macro   0x0001c621       0x5c cmake/stm32cubemx/CMakeFiles/STM32_Drivers.dir/__/__/Core/Src/system_stm32f4xx.c.obj
 .debug_macro   0x0001c67d      0xca5 cmake/stm32cubemx/CMakeFiles/STM32_Drivers.dir/__/__/Core/Src/system_stm32f4xx.c.obj
 .debug_macro   0x0001d322      0x9e9 cmake/stm32cubemx/CMakeFiles/STM32_Drivers.dir/__/__/Core/Src/system_stm32f4xx.c.obj
 .debug_macro   0x0001dd0b      0x115 cmake/stm32cubemx/CMakeFiles/STM32_Drivers.dir/__/__/Core/Src/system_stm32f4xx.c.obj
 .debug_macro   0x0001de20      0x1a0 cmake/stm32cubemx/CMakeFiles/STM32_Drivers.dir/__/__/Core/Src/system_stm32f4xx.c.obj
 .debug_macro   0x0001dfc0       0xa5 cmake/stm32cubemx/CMakeFiles/STM32_Drivers.dir/__/__/Core/Src/system_stm32f4xx.c.obj
 .debug_macro   0x0001e065      0x16d cmake/stm32cubemx/CMakeFiles/STM32_Drivers.dir/__/__/Core/Src/system_stm32f4xx.c.obj
 .debug_macro   0x0001e1d2      0x287 cmake/stm32cubemx/CMakeFiles/STM32_Drivers.dir/__/__/Core/Src/system_stm32f4xx.c.obj
 .debug_macro   0x0001e459       0x5f cmake/stm32cubemx/CMakeFiles/STM32_Drivers.dir/__/__/Core/Src/system_stm32f4xx.c.obj
 .debug_macro   0x0001e4b8      0x236 cmake/stm32cubemx/CMakeFiles/STM32_Drivers.dir/__/__/Core/Src/system_stm32f4xx.c.obj
 .debug_macro   0x0001e6ee      0x132 cmake/stm32cubemx/CMakeFiles/STM32_Drivers.dir/__/__/Core/Src/system_stm32f4xx.c.obj
 .debug_macro   0x0001e820      0x29c cmake/stm32cubemx/CMakeFiles/STM32_Drivers.dir/__/__/Core/Src/system_stm32f4xx.c.obj
 .debug_macro   0x0001eabc       0x2e cmake/stm32cubemx/CMakeFiles/STM32_Drivers.dir/__/__/Core/Src/system_stm32f4xx.c.obj
 .debug_macro   0x0001eaea      0x127 cmake/stm32cubemx/CMakeFiles/STM32_Drivers.dir/__/__/Core/Src/system_stm32f4xx.c.obj
 .debug_macro   0x0001ec11       0xe8 cmake/stm32cubemx/CMakeFiles/STM32_Drivers.dir/__/__/Core/Src/system_stm32f4xx.c.obj
 .debug_macro   0x0001ecf9       0x89 cmake/stm32cubemx/CMakeFiles/STM32_Drivers.dir/__/__/Core/Src/system_stm32f4xx.c.obj
 .debug_macro   0x0001ed82      0x2aa cmake/stm32cubemx/CMakeFiles/STM32_Drivers.dir/__/__/Core/Src/system_stm32f4xx.c.obj
 .debug_macro   0x0001f02c      0x126 cmake/stm32cubemx/CMakeFiles/STM32_Drivers.dir/__/__/Core/Src/system_stm32f4xx.c.obj
 .debug_macro   0x0001f152      0x1bb cmake/stm32cubemx/CMakeFiles/STM32_Drivers.dir/__/__/Drivers/STM32F4xx_HAL_Driver/Src/stm32f4xx_hal_uart.c.obj
 .debug_macro   0x0001f30d      0x1de cmake/stm32cubemx/CMakeFiles/STM32_Drivers.dir/__/__/Drivers/STM32F4xx_HAL_Driver/Src/stm32f4xx_hal_rcc.c.obj
 .debug_macro   0x0001f4eb      0x1ba cmake/stm32cubemx/CMakeFiles/STM32_Drivers.dir/__/__/Drivers/STM32F4xx_HAL_Driver/Src/stm32f4xx_hal_rcc_ex.c.obj
 .debug_macro   0x0001f6a5      0x1c0 cmake/stm32cubemx/CMakeFiles/STM32_Drivers.dir/__/__/Drivers/STM32F4xx_HAL_Driver/Src/stm32f4xx_hal_gpio.c.obj
 .debug_macro   0x0001f865      0x1ba cmake/stm32cubemx/CMakeFiles/STM32_Drivers.dir/__/__/Drivers/STM32F4xx_HAL_Driver/Src/stm32f4xx_hal_cortex.c.obj
 .debug_macro   0x0001fa1f      0x21a cmake/stm32cubemx/CMakeFiles/STM32_Drivers.dir/__/__/Drivers/STM32F4xx_HAL_Driver/Src/stm32f4xx_hal.c.obj
 .debug_macro   0x0001fc39      0x2b6 CMakeFiles/base_controller.dir/Core/Src/main.c.obj
 .debug_macro   0x0001feef       0x58 CMakeFiles/base_controller.dir/Core/Src/main.c.obj
 .debug_macro   0x0001ff47       0x74 CMakeFiles/base_controller.dir/Core/Src/main.c.obj
 .debug_macro   0x0001ffbb       0x2a CMakeFiles/base_controller.dir/Core/Src/main.c.obj
 .debug_macro   0x0001ffe5       0x3c CMakeFiles/base_controller.dir/Core/Src/main.c.obj
 .debug_macro   0x00020021       0x34 CMakeFiles/base_controller.dir/Core/Src/main.c.obj
 .debug_macro   0x00020055       0x16 CMakeFiles/base_controller.dir/Core/Src/main.c.obj
 .debug_macro   0x0002006b       0x3c CMakeFiles/base_controller.dir/Core/Src/main.c.obj
 .debug_macro   0x000200a7      0x364 CMakeFiles/base_controller.dir/Core/Src/main.c.obj
 .debug_macro   0x0002040b       0x10 CMakeFiles/base_controller.dir/Core/Src/main.c.obj
 .debug_macro   0x0002041b       0x16 CMakeFiles/base_controller.dir/Core/Src/main.c.obj
 .debug_macro   0x00020431       0x4a CMakeFiles/base_controller.dir/Core/Src/main.c.obj
 .debug_macro   0x0002047b       0x34 CMakeFiles/base_controller.dir/Core/Src/main.c.obj
 .debug_macro   0x000204af       0x10 CMakeFiles/base_controller.dir/Core/Src/main.c.obj
 .debug_macro   0x000204bf       0x58 CMakeFiles/base_controller.dir/Core/Src/main.c.obj
 .debug_macro   0x00020517      0x1de CMakeFiles/base_controller.dir/Core/Src/main.c.obj
 .debug_macro   0x000206f5       0x16 CMakeFiles/base_controller.dir/Core/Src/main.c.obj
 .debug_macro   0x0002070b       0x16 CMakeFiles/base_controller.dir/Core/Src/main.c.obj
 .debug_macro   0x00020721      0x170 CMakeFiles/base_controller.dir/Core/Src/main.c.obj
 .debug_macro   0x00020891      0x1d3 CMakeFiles/base_controller.dir/Core/Src/gpio.c.obj
 .debug_macro   0x00020a64      0x1d3 CMakeFiles/base_controller.dir/Core/Src/usart.c.obj
 .debug_macro   0x00020c37      0x1d3 CMakeFiles/base_controller.dir/Core/Src/stm32f4xx_it.c.obj
 .debug_macro   0x00020e0a      0x1c9 CMakeFiles/base_controller.dir/Core/Src/stm32f4xx_hal_msp.c.obj
 .debug_macro   0x00020fd3      0x103 CMakeFiles/base_controller.dir/Core/Src/sysmem.c.obj
 .debug_macro   0x000210d6       0x10 CMakeFiles/base_controller.dir/Core/Src/sysmem.c.obj
 .debug_macro   0x000210e6       0x6e CMakeFiles/base_controller.dir/Core/Src/sysmem.c.obj
 .debug_macro   0x00021154       0x94 CMakeFiles/base_controller.dir/Core/Src/sysmem.c.obj
 .debug_macro   0x000211e8       0x57 CMakeFiles/base_controller.dir/Core/Src/sysmem.c.obj
 .debug_macro   0x0002123f      0x23c CMakeFiles/base_controller.dir/Core/Src/sysmem.c.obj

.debug_line     0x00000000     0xcd48
 .debug_line    0x00000000      0x712 cmake/stm32cubemx/CMakeFiles/STM32_Drivers.dir/__/__/Core/Src/system_stm32f4xx.c.obj
 .debug_line    0x00000712     0x24d6 cmake/stm32cubemx/CMakeFiles/STM32_Drivers.dir/__/__/Drivers/STM32F4xx_HAL_Driver/Src/stm32f4xx_hal_uart.c.obj
 .debug_line    0x00002be8      0xda9 cmake/stm32cubemx/CMakeFiles/STM32_Drivers.dir/__/__/Drivers/STM32F4xx_HAL_Driver/Src/stm32f4xx_hal_rcc.c.obj
 .debug_line    0x00003991     0x145a cmake/stm32cubemx/CMakeFiles/STM32_Drivers.dir/__/__/Drivers/STM32F4xx_HAL_Driver/Src/stm32f4xx_hal_rcc_ex.c.obj
 .debug_line    0x00004deb      0xacf cmake/stm32cubemx/CMakeFiles/STM32_Drivers.dir/__/__/Drivers/STM32F4xx_HAL_Driver/Src/stm32f4xx_hal_gpio.c.obj
 .debug_line    0x000058ba      0xc5e cmake/stm32cubemx/CMakeFiles/STM32_Drivers.dir/__/__/Drivers/STM32F4xx_HAL_Driver/Src/stm32f4xx_hal_cortex.c.obj
 .debug_line    0x00006518      0x991 cmake/stm32cubemx/CMakeFiles/STM32_Drivers.dir/__/__/Drivers/STM32F4xx_HAL_Driver/Src/stm32f4xx_hal.c.obj
 .debug_line    0x00006ea9      0x7ec CMakeFiles/base_controller.dir/Core/Src/main.c.obj
 .debug_line    0x00007695      0x6b6 CMakeFiles/base_controller.dir/Core/Src/gpio.c.obj
 .debug_line    0x00007d4b      0x70a CMakeFiles/base_controller.dir/Core/Src/usart.c.obj
 .debug_line    0x00008455      0x74b CMakeFiles/base_controller.dir/Core/Src/stm32f4xx_it.c.obj
 .debug_line    0x00008ba0      0x69d CMakeFiles/base_controller.dir/Core/Src/stm32f4xx_hal_msp.c.obj
 .debug_line    0x0000923d      0x2d0 CMakeFiles/base_controller.dir/Core/Src/sysmem.c.obj
 .debug_line    0x0000950d       0x7a CMakeFiles/base_controller.dir/startup_stm32f446xx.s.obj
 .debug_line    0x00009587      0x5d1 /opt/st/stm32cubeclt_1.22.0/GNU-tools-for-STM32/bin/../lib/gcc/arm-none-eabi/14.3.1/../../../../arm-none-eabi/lib/thumb/v7e-m+fp/hard/libg_nano.a(libc_a-findfp.o)
 .debug_line    0x00009b58      0x357 /opt/st/stm32cubeclt_1.22.0/GNU-tools-for-STM32/bin/../lib/gcc/arm-none-eabi/14.3.1/../../../../arm-none-eabi/lib/thumb/v7e-m+fp/hard/libg_nano.a(libc_a-snprintf.o)
 .debug_line    0x00009eaf      0x17e /opt/st/stm32cubeclt_1.22.0/GNU-tools-for-STM32/bin/../lib/gcc/arm-none-eabi/14.3.1/../../../../arm-none-eabi/lib/thumb/v7e-m+fp/hard/libg_nano.a(libc_a-memset.o)
 .debug_line    0x0000a02d      0x2f5 /opt/st/stm32cubeclt_1.22.0/GNU-tools-for-STM32/bin/../lib/gcc/arm-none-eabi/14.3.1/../../../../arm-none-eabi/lib/thumb/v7e-m+fp/hard/libg_nano.a(libc_a-reent.o)
 .debug_line    0x0000a322      0x163 /opt/st/stm32cubeclt_1.22.0/GNU-tools-for-STM32/bin/../lib/gcc/arm-none-eabi/14.3.1/../../../../arm-none-eabi/lib/thumb/v7e-m+fp/hard/libg_nano.a(libc_a-impure.o)
 .debug_line    0x0000a485      0x185 /opt/st/stm32cubeclt_1.22.0/GNU-tools-for-STM32/bin/../lib/gcc/arm-none-eabi/14.3.1/../../../../arm-none-eabi/lib/thumb/v7e-m+fp/hard/libg_nano.a(libc_a-errno.o)
 .debug_line    0x0000a60a      0x168 /opt/st/stm32cubeclt_1.22.0/GNU-tools-for-STM32/bin/../lib/gcc/arm-none-eabi/14.3.1/../../../../arm-none-eabi/lib/thumb/v7e-m+fp/hard/libg_nano.a(libc_a-init.o)
 .debug_line    0x0000a772      0x19b /opt/st/stm32cubeclt_1.22.0/GNU-tools-for-STM32/bin/../lib/gcc/arm-none-eabi/14.3.1/../../../../arm-none-eabi/lib/thumb/v7e-m+fp/hard/libg_nano.a(libc_a-lock.o)
 .debug_line    0x0000a90d      0x30d /opt/st/stm32cubeclt_1.22.0/GNU-tools-for-STM32/bin/../lib/gcc/arm-none-eabi/14.3.1/../../../../arm-none-eabi/lib/thumb/v7e-m+fp/hard/libg_nano.a(libc_a-freer.o)
 .debug_line    0x0000ac1a      0x4e5 /opt/st/stm32cubeclt_1.22.0/GNU-tools-for-STM32/bin/../lib/gcc/arm-none-eabi/14.3.1/../../../../arm-none-eabi/lib/thumb/v7e-m+fp/hard/libg_nano.a(libc_a-mallocr.o)
 .debug_line    0x0000b0ff      0x1ed /opt/st/stm32cubeclt_1.22.0/GNU-tools-for-STM32/bin/../lib/gcc/arm-none-eabi/14.3.1/../../../../arm-none-eabi/lib/thumb/v7e-m+fp/hard/libg_nano.a(libc_a-mlock.o)
 .debug_line    0x0000b2ec      0x877 /opt/st/stm32cubeclt_1.22.0/GNU-tools-for-STM32/bin/../lib/gcc/arm-none-eabi/14.3.1/../../../../arm-none-eabi/lib/thumb/v7e-m+fp/hard/libg_nano.a(libc_a-nano-svfprintf.o)
 .debug_line    0x0000bb63      0x70e /opt/st/stm32cubeclt_1.22.0/GNU-tools-for-STM32/bin/../lib/gcc/arm-none-eabi/14.3.1/../../../../arm-none-eabi/lib/thumb/v7e-m+fp/hard/libg_nano.a(libc_a-nano-vfprintf_i.o)
 .debug_line    0x0000c271      0x1bb /opt/st/stm32cubeclt_1.22.0/GNU-tools-for-STM32/bin/../lib/gcc/arm-none-eabi/14.3.1/../../../../arm-none-eabi/lib/thumb/v7e-m+fp/hard/libg_nano.a(libc_a-memmove.o)
 .debug_line    0x0000c42c      0x21f /opt/st/stm32cubeclt_1.22.0/GNU-tools-for-STM32/bin/../lib/gcc/arm-none-eabi/14.3.1/../../../../arm-none-eabi/lib/thumb/v7e-m+fp/hard/libg_nano.a(libc_a-sbrkr.o)
 .debug_line    0x0000c64b       0x84 /opt/st/stm32cubeclt_1.22.0/GNU-tools-for-STM32/bin/../lib/gcc/arm-none-eabi/14.3.1/../../../../arm-none-eabi/lib/thumb/v7e-m+fp/hard/libg_nano.a(libc_a-memchr.o)
 .debug_line    0x0000c6cf      0x202 /opt/st/stm32cubeclt_1.22.0/GNU-tools-for-STM32/bin/../lib/gcc/arm-none-eabi/14.3.1/../../../../arm-none-eabi/lib/thumb/v7e-m+fp/hard/libg_nano.a(libc_a-memcpy-stub.o)
 .debug_line    0x0000c8d1      0x272 /opt/st/stm32cubeclt_1.22.0/GNU-tools-for-STM32/bin/../lib/gcc/arm-none-eabi/14.3.1/../../../../arm-none-eabi/lib/thumb/v7e-m+fp/hard/libg_nano.a(libc_a-reallocr.o)
 .debug_line    0x0000cb43      0x205 /opt/st/stm32cubeclt_1.22.0/GNU-tools-for-STM32/bin/../lib/gcc/arm-none-eabi/14.3.1/../../../../arm-none-eabi/lib/thumb/v7e-m+fp/hard/libg_nano.a(libc_a-msizer.o)

.debug_str      0x00000000    0xc967f
 .debug_str     0x00000000    0xc967f cmake/stm32cubemx/CMakeFiles/STM32_Drivers.dir/__/__/Core/Src/system_stm32f4xx.c.obj
                              0xc278c (size before relaxing)
 .debug_str     0x000c967f    0xc317c cmake/stm32cubemx/CMakeFiles/STM32_Drivers.dir/__/__/Drivers/STM32F4xx_HAL_Driver/Src/stm32f4xx_hal_uart.c.obj
 .debug_str     0x000c967f    0xc2bc5 cmake/stm32cubemx/CMakeFiles/STM32_Drivers.dir/__/__/Drivers/STM32F4xx_HAL_Driver/Src/stm32f4xx_hal_rcc.c.obj
 .debug_str     0x000c967f    0xc2bf8 cmake/stm32cubemx/CMakeFiles/STM32_Drivers.dir/__/__/Drivers/STM32F4xx_HAL_Driver/Src/stm32f4xx_hal_rcc_ex.c.obj
 .debug_str     0x000c967f    0xc2907 cmake/stm32cubemx/CMakeFiles/STM32_Drivers.dir/__/__/Drivers/STM32F4xx_HAL_Driver/Src/stm32f4xx_hal_gpio.c.obj
 .debug_str     0x000c967f    0xc30a8 cmake/stm32cubemx/CMakeFiles/STM32_Drivers.dir/__/__/Drivers/STM32F4xx_HAL_Driver/Src/stm32f4xx_hal_cortex.c.obj
 .debug_str     0x000c967f    0xc3351 cmake/stm32cubemx/CMakeFiles/STM32_Drivers.dir/__/__/Drivers/STM32F4xx_HAL_Driver/Src/stm32f4xx_hal.c.obj
 .debug_str     0x000c967f    0xc60c5 CMakeFiles/base_controller.dir/Core/Src/main.c.obj
 .debug_str     0x000c967f    0xc28cd CMakeFiles/base_controller.dir/Core/Src/gpio.c.obj
 .debug_str     0x000c967f    0xc2d8a CMakeFiles/base_controller.dir/Core/Src/usart.c.obj
 .debug_str     0x000c967f    0xc2763 CMakeFiles/base_controller.dir/Core/Src/stm32f4xx_it.c.obj
 .debug_str     0x000c967f    0xc281f CMakeFiles/base_controller.dir/Core/Src/stm32f4xx_hal_msp.c.obj
 .debug_str     0x000c967f     0x70f1 CMakeFiles/base_controller.dir/Core/Src/sysmem.c.obj
 .debug_str     0x000c967f       0xaa CMakeFiles/base_controller.dir/startup_stm32f446xx.s.obj
 .debug_str     0x000c967f      0x7b4 /opt/st/stm32cubeclt_1.22.0/GNU-tools-for-STM32/bin/../lib/gcc/arm-none-eabi/14.3.1/../../../../arm-none-eabi/lib/thumb/v7e-m+fp/hard/libg_nano.a(libc_a-findfp.o)
 .debug_str     0x000c967f      0x57f /opt/st/stm32cubeclt_1.22.0/GNU-tools-for-STM32/bin/../lib/gcc/arm-none-eabi/14.3.1/../../../../arm-none-eabi/lib/thumb/v7e-m+fp/hard/libg_nano.a(libc_a-snprintf.o)
 .debug_str     0x000c967f      0x211 /opt/st/stm32cubeclt_1.22.0/GNU-tools-for-STM32/bin/../lib/gcc/arm-none-eabi/14.3.1/../../../../arm-none-eabi/lib/thumb/v7e-m+fp/hard/libg_nano.a(libc_a-memset.o)
 .debug_str     0x000c967f      0x550 /opt/st/stm32cubeclt_1.22.0/GNU-tools-for-STM32/bin/../lib/gcc/arm-none-eabi/14.3.1/../../../../arm-none-eabi/lib/thumb/v7e-m+fp/hard/libg_nano.a(libc_a-reent.o)
 .debug_str     0x000c967f      0x531 /opt/st/stm32cubeclt_1.22.0/GNU-tools-for-STM32/bin/../lib/gcc/arm-none-eabi/14.3.1/../../../../arm-none-eabi/lib/thumb/v7e-m+fp/hard/libg_nano.a(libc_a-impure.o)
 .debug_str     0x000c967f      0x52b /opt/st/stm32cubeclt_1.22.0/GNU-tools-for-STM32/bin/../lib/gcc/arm-none-eabi/14.3.1/../../../../arm-none-eabi/lib/thumb/v7e-m+fp/hard/libg_nano.a(libc_a-errno.o)
 .debug_str     0x000c967f      0x272 /opt/st/stm32cubeclt_1.22.0/GNU-tools-for-STM32/bin/../lib/gcc/arm-none-eabi/14.3.1/../../../../arm-none-eabi/lib/thumb/v7e-m+fp/hard/libg_nano.a(libc_a-init.o)
 .debug_str     0x000c967f      0x3a8 /opt/st/stm32cubeclt_1.22.0/GNU-tools-for-STM32/bin/../lib/gcc/arm-none-eabi/14.3.1/../../../../arm-none-eabi/lib/thumb/v7e-m+fp/hard/libg_nano.a(libc_a-lock.o)
 .debug_str     0x000c967f      0x5b1 /opt/st/stm32cubeclt_1.22.0/GNU-tools-for-STM32/bin/../lib/gcc/arm-none-eabi/14.3.1/../../../../arm-none-eabi/lib/thumb/v7e-m+fp/hard/libg_nano.a(libc_a-freer.o)
 .debug_str     0x000c967f      0x612 /opt/st/stm32cubeclt_1.22.0/GNU-tools-for-STM32/bin/../lib/gcc/arm-none-eabi/14.3.1/../../../../arm-none-eabi/lib/thumb/v7e-m+fp/hard/libg_nano.a(libc_a-mallocr.o)
 .debug_str     0x000c967f      0x5b3 /opt/st/stm32cubeclt_1.22.0/GNU-tools-for-STM32/bin/../lib/gcc/arm-none-eabi/14.3.1/../../../../arm-none-eabi/lib/thumb/v7e-m+fp/hard/libg_nano.a(libc_a-mlock.o)
 .debug_str     0x000c967f      0x87a /opt/st/stm32cubeclt_1.22.0/GNU-tools-for-STM32/bin/../lib/gcc/arm-none-eabi/14.3.1/../../../../arm-none-eabi/lib/thumb/v7e-m+fp/hard/libg_nano.a(libc_a-nano-svfprintf.o)
 .debug_str     0x000c967f      0x810 /opt/st/stm32cubeclt_1.22.0/GNU-tools-for-STM32/bin/../lib/gcc/arm-none-eabi/14.3.1/../../../../arm-none-eabi/lib/thumb/v7e-m+fp/hard/libg_nano.a(libc_a-nano-vfprintf_i.o)
 .debug_str     0x000c967f      0x22c /opt/st/stm32cubeclt_1.22.0/GNU-tools-for-STM32/bin/../lib/gcc/arm-none-eabi/14.3.1/../../../../arm-none-eabi/lib/thumb/v7e-m+fp/hard/libg_nano.a(libc_a-memmove.o)
 .debug_str     0x000c967f      0x53a /opt/st/stm32cubeclt_1.22.0/GNU-tools-for-STM32/bin/../lib/gcc/arm-none-eabi/14.3.1/../../../../arm-none-eabi/lib/thumb/v7e-m+fp/hard/libg_nano.a(libc_a-sbrkr.o)
 .debug_str     0x000c967f       0xe2 /opt/st/stm32cubeclt_1.22.0/GNU-tools-for-STM32/bin/../lib/gcc/arm-none-eabi/14.3.1/../../../../arm-none-eabi/lib/thumb/v7e-m+fp/hard/libg_nano.a(libc_a-memchr.o)
 .debug_str     0x000c967f      0x22f /opt/st/stm32cubeclt_1.22.0/GNU-tools-for-STM32/bin/../lib/gcc/arm-none-eabi/14.3.1/../../../../arm-none-eabi/lib/thumb/v7e-m+fp/hard/libg_nano.a(libc_a-memcpy-stub.o)
 .debug_str     0x000c967f      0x5a7 /opt/st/stm32cubeclt_1.22.0/GNU-tools-for-STM32/bin/../lib/gcc/arm-none-eabi/14.3.1/../../../../arm-none-eabi/lib/thumb/v7e-m+fp/hard/libg_nano.a(libc_a-reallocr.o)
 .debug_str     0x000c967f      0x57a /opt/st/stm32cubeclt_1.22.0/GNU-tools-for-STM32/bin/../lib/gcc/arm-none-eabi/14.3.1/../../../../arm-none-eabi/lib/thumb/v7e-m+fp/hard/libg_nano.a(libc_a-msizer.o)

.debug_frame    0x00000000     0x1ea4
 .debug_frame   0x00000000       0x50 cmake/stm32cubemx/CMakeFiles/STM32_Drivers.dir/__/__/Core/Src/system_stm32f4xx.c.obj
 .debug_frame   0x00000050      0x8ec cmake/stm32cubemx/CMakeFiles/STM32_Drivers.dir/__/__/Drivers/STM32F4xx_HAL_Driver/Src/stm32f4xx_hal_uart.c.obj
 .debug_frame   0x0000093c      0x1d8 cmake/stm32cubemx/CMakeFiles/STM32_Drivers.dir/__/__/Drivers/STM32F4xx_HAL_Driver/Src/stm32f4xx_hal_rcc.c.obj
 .debug_frame   0x00000b14      0x1d8 cmake/stm32cubemx/CMakeFiles/STM32_Drivers.dir/__/__/Drivers/STM32F4xx_HAL_Driver/Src/stm32f4xx_hal_rcc_ex.c.obj